This is pdfTeX, Version 3.141592653-2.6-1.40.22 (TeX Live 2022/dev/Debian) (preloaded format=pdflatex 2026.2.19)  28 JUN 2026 14:16
entering extended mode
 restricted \write18 enabled.
 %&-line parsing enabled.
**OpenParEM3D_Theory_Methodology_Accuracy.tex
(./OpenParEM3D_Theory_Methodology_Accuracy.tex
LaTeX2e <2021-11-15> patch level 1
L3 programming layer <2022-01-21>
(/usr/share/texlive/texmf-dist/tex/latex/base/article.cls
Document Class: article 2021/10/04 v1.4n Standard LaTeX document class
(/usr/share/texlive/texmf-dist/tex/latex/base/size10.clo
File: size10.clo 2021/10/04 v1.4n Standard LaTeX file (size option)
)
\c@part=\count185
\c@section=\count186
\c@subsection=\count187
\c@subsubsection=\count188
\c@paragraph=\count189
\c@subparagraph=\count190
\c@figure=\count191
\c@table=\count192
\abovecaptionskip=\skip47
\belowcaptionskip=\skip48
\bibindent=\dimen138
)
(/usr/share/texlive/texmf-dist/tex/latex/amsmath/amsmath.sty
Package: amsmath 2021/10/15 v2.17l AMS math features
\@mathmargin=\skip49

For additional information on amsmath, use the `?' option.
(/usr/share/texlive/texmf-dist/tex/latex/amsmath/amstext.sty
Package: amstext 2021/08/26 v2.01 AMS text

(/usr/share/texlive/texmf-dist/tex/latex/amsmath/amsgen.sty
File: amsgen.sty 1999/11/30 v2.0 generic functions
\@emptytoks=\toks16
\ex@=\dimen139
))
(/usr/share/texlive/texmf-dist/tex/latex/amsmath/amsbsy.sty
Package: amsbsy 1999/11/29 v1.2d Bold Symbols
\pmbraise@=\dimen140
)
(/usr/share/texlive/texmf-dist/tex/latex/amsmath/amsopn.sty
Package: amsopn 2021/08/26 v2.02 operator names
)
\inf@bad=\count193
LaTeX Info: Redefining \frac on input line 234.
\uproot@=\count194
\leftroot@=\count195
LaTeX Info: Redefining \overline on input line 399.
\classnum@=\count196
\DOTSCASE@=\count197
LaTeX Info: Redefining \ldots on input line 496.
LaTeX Info: Redefining \dots on input line 499.
LaTeX Info: Redefining \cdots on input line 620.
\Mathstrutbox@=\box50
\strutbox@=\box51
\big@size=\dimen141
LaTeX Font Info:    Redeclaring font encoding OML on input line 743.
LaTeX Font Info:    Redeclaring font encoding OMS on input line 744.
\macc@depth=\count198
\c@MaxMatrixCols=\count199
\dotsspace@=\muskip16
\c@parentequation=\count266
\dspbrk@lvl=\count267
\tag@help=\toks17
\row@=\count268
\column@=\count269
\maxfields@=\count270
\andhelp@=\toks18
\eqnshift@=\dimen142
\alignsep@=\dimen143
\tagshift@=\dimen144
\tagwidth@=\dimen145
\totwidth@=\dimen146
\lineht@=\dimen147
\@envbody=\toks19
\multlinegap=\skip50
\multlinetaggap=\skip51
\mathdisplay@stack=\toks20
LaTeX Info: Redefining \[ on input line 2938.
LaTeX Info: Redefining \] on input line 2939.
)
(/usr/share/texlive/texmf-dist/tex/latex/amsfonts/amssymb.sty
Package: amssymb 2013/01/14 v3.01 AMS font symbols

(/usr/share/texlive/texmf-dist/tex/latex/amsfonts/amsfonts.sty
Package: amsfonts 2013/01/14 v3.01 Basic AMSFonts support
\symAMSa=\mathgroup4
\symAMSb=\mathgroup5
LaTeX Font Info:    Redeclaring math symbol \hbar on input line 98.
LaTeX Font Info:    Overwriting math alphabet `\mathfrak' in version `bold'
(Font)                  U/euf/m/n --> U/euf/b/n on input line 106.
))
(/usr/share/texlive/texmf-dist/tex/latex/tools/indentfirst.sty
Package: indentfirst 1995/11/23 v1.03 Indent first paragraph (DPC)
)
(/usr/share/texlive/texmf-dist/tex/latex/geometry/geometry.sty
Package: geometry 2020/01/02 v5.9 Page Geometry

(/usr/share/texlive/texmf-dist/tex/latex/graphics/keyval.sty
Package: keyval 2014/10/28 v1.15 key=value parser (DPC)
\KV@toks@=\toks21
)
(/usr/share/texlive/texmf-dist/tex/generic/iftex/ifvtex.sty
Package: ifvtex 2019/10/25 v1.7 ifvtex legacy package. Use iftex instead.

(/usr/share/texlive/texmf-dist/tex/generic/iftex/iftex.sty
Package: iftex 2020/03/06 v1.0d TeX engine tests
))
\Gm@cnth=\count271
\Gm@cntv=\count272
\c@Gm@tempcnt=\count273
\Gm@bindingoffset=\dimen148
\Gm@wd@mp=\dimen149
\Gm@odd@mp=\dimen150
\Gm@even@mp=\dimen151
\Gm@layoutwidth=\dimen152
\Gm@layoutheight=\dimen153
\Gm@layouthoffset=\dimen154
\Gm@layoutvoffset=\dimen155
\Gm@dimlist=\toks22
)
(/usr/share/texlive/texmf-dist/tex/latex/tools/longtable.sty
Package: longtable 2021-09-01 v4.17 Multi-page Table package (DPC)
\LTleft=\skip52
\LTright=\skip53
\LTpre=\skip54
\LTpost=\skip55
\LTchunksize=\count274
\LTcapwidth=\dimen156
\LT@head=\box52
\LT@firsthead=\box53
\LT@foot=\box54
\LT@lastfoot=\box55
\LT@gbox=\box56
\LT@cols=\count275
\LT@rows=\count276
\c@LT@tables=\count277
\c@LT@chunks=\count278
\LT@p@ftn=\toks23
) (./enumitem.sty
Package: enumitem 2019/06/20 v3.9 Customized lists
\labelindent=\skip56
\enit@outerparindent=\dimen157
\enit@toks=\toks24
\enit@inbox=\box57
\enit@count@id=\count279
\enitdp@description=\count280
)
(/usr/share/texlive/texmf-dist/tex/latex/fancyvrb/fancyvrb.sty
Package: fancyvrb 2021/12/21 4.1b verbatim text (tvz,hv)
\FV@CodeLineNo=\count281
\FV@InFile=\read2
\FV@TabBox=\box58
\c@FancyVerbLine=\count282
\FV@StepNumber=\count283
\FV@OutFile=\write3
)
(/usr/share/texlive/texmf-dist/tex/latex/pdfpages/pdfpages.sty
Package: pdfpages 2022/01/29 v0.5u Insert pages of external PDF documents (AM)

(/usr/share/texlive/texmf-dist/tex/latex/base/ifthen.sty
Package: ifthen 2020/11/24 v1.1c Standard LaTeX ifthen package (DPC)
)
(/usr/share/texlive/texmf-dist/tex/latex/tools/calc.sty
Package: calc 2017/05/25 v4.3 Infix arithmetic (KKT,FJ)
\calc@Acount=\count284
\calc@Bcount=\count285
\calc@Adimen=\dimen158
\calc@Bdimen=\dimen159
\calc@Askip=\skip57
\calc@Bskip=\skip58
LaTeX Info: Redefining \setlength on input line 80.
LaTeX Info: Redefining \addtolength on input line 81.
\calc@Ccount=\count286
\calc@Cskip=\skip59
)
(/usr/share/texlive/texmf-dist/tex/latex/eso-pic/eso-pic.sty
Package: eso-pic 2020/10/14 v3.0a eso-pic (RN)
\ESO@tempdima=\dimen160
\ESO@tempdimb=\dimen161

(/usr/share/texlive/texmf-dist/tex/latex/xcolor/xcolor.sty
Package: xcolor 2021/10/31 v2.13 LaTeX color extensions (UK)

(/usr/share/texlive/texmf-dist/tex/latex/graphics-cfg/color.cfg
File: color.cfg 2016/01/02 v1.6 sample color configuration
)
Package xcolor Info: Driver file: pdftex.def on input line 227.

(/usr/share/texlive/texmf-dist/tex/latex/graphics-def/pdftex.def
File: pdftex.def 2020/10/05 v1.2a Graphics/color driver for pdftex
)
Package xcolor Info: Model `cmy' substituted by `cmy0' on input line 1352.
Package xcolor Info: Model `hsb' substituted by `rgb' on input line 1356.
Package xcolor Info: Model `RGB' extended on input line 1368.
Package xcolor Info: Model `HTML' substituted by `rgb' on input line 1370.
Package xcolor Info: Model `Hsb' substituted by `hsb' on input line 1371.
Package xcolor Info: Model `tHsb' substituted by `hsb' on input line 1372.
Package xcolor Info: Model `HSB' substituted by `hsb' on input line 1373.
Package xcolor Info: Model `Gray' substituted by `gray' on input line 1374.
Package xcolor Info: Model `wave' substituted by `hsb' on input line 1375.
))
(/usr/share/texlive/texmf-dist/tex/latex/graphics/graphicx.sty
Package: graphicx 2021/09/16 v1.2d Enhanced LaTeX Graphics (DPC,SPQR)

(/usr/share/texlive/texmf-dist/tex/latex/graphics/graphics.sty
Package: graphics 2021/03/04 v1.4d Standard LaTeX Graphics (DPC,SPQR)

(/usr/share/texlive/texmf-dist/tex/latex/graphics/trig.sty
Package: trig 2021/08/11 v1.11 sin cos tan (DPC)
)
(/usr/share/texlive/texmf-dist/tex/latex/graphics-cfg/graphics.cfg
File: graphics.cfg 2016/06/04 v1.11 sample graphics configuration
)
Package graphics Info: Driver file: pdftex.def on input line 107.
)
\Gin@req@height=\dimen162
\Gin@req@width=\dimen163
)
\AM@pagewidth=\dimen164
\AM@pageheight=\dimen165
\AM@fboxrule=\dimen166

(/usr/share/texlive/texmf-dist/tex/latex/pdfpages/pppdftex.def
File: pppdftex.def 2022/01/29 v0.5u Pdfpages driver for pdfTeX (AM)
)
\pdfpages@includegraphics@status=\count287
\AM@pagebox=\box59
\AM@global@opts=\toks25
\AM@pagecnt=\count288
\AM@toc@title=\toks26
\c@AM@survey=\count289
\AM@templatesizebox=\box60
)
(/usr/share/texlive/texmf-dist/tex/latex/caption/subcaption.sty
Package: subcaption 2020/10/07 v1.3j Sub-captions (AR)

(/usr/share/texlive/texmf-dist/tex/latex/caption/caption.sty
Package: caption 2020/10/26 v3.5g Customizing captions (AR)

(/usr/share/texlive/texmf-dist/tex/latex/caption/caption3.sty
Package: caption3 2020/10/21 v2.2e caption3 kernel (AR)
\captionmargin=\dimen167
\captionmargin@=\dimen168
\captionwidth=\dimen169
\caption@tempdima=\dimen170
\caption@indent=\dimen171
\caption@parindent=\dimen172
\caption@hangindent=\dimen173
Package caption Info: Standard document class detected.
)
\c@caption@flags=\count290
\c@continuedfloat=\count291
Package caption Info: longtable package is loaded.

(/usr/share/texlive/texmf-dist/tex/latex/caption/ltcaption.sty
Package: ltcaption 2020/05/30 v1.4b longtable captions (AR)
))
\c@subfigure=\count292
\c@subtable=\count293
)
(/usr/share/texlive/texmf-dist/tex/latex/base/flafter.sty
Package: flafter 2021/07/31 v1.4e Standard LaTeX floats after reference (FMi)
Applying: [2015/01/01] float order in 2-column on input line 49.
Already applied: [0000/00/00] float order in 2-column on input line 151.
) (./placeins.sty
Package: placeins 2005/04/18  v 2.2
)
(/usr/share/texlive/texmf-dist/tex/latex/float/float.sty
Package: float 2001/11/08 v1.3d Float enhancements (AL)
\c@float@type=\count294
\float@exts=\toks27
\float@box=\box61
\@float@everytoks=\toks28
\@floatcapt=\box62
)
(/usr/share/texlive/texmf-dist/tex/latex/l3backend/l3backend-pdftex.def
File: l3backend-pdftex.def 2022-01-12 L3 backend support: PDF output (pdfTeX)
\l__color_backend_stack_int=\count295
\l__pdf_internal_box=\box63
)
(./OpenParEM3D_Theory_Methodology_Accuracy.aux)
\openout1 = `OpenParEM3D_Theory_Methodology_Accuracy.aux'.

LaTeX Font Info:    Checking defaults for OML/cmm/m/it on input line 19.
LaTeX Font Info:    ... okay on input line 19.
LaTeX Font Info:    Checking defaults for OMS/cmsy/m/n on input line 19.
LaTeX Font Info:    ... okay on input line 19.
LaTeX Font Info:    Checking defaults for OT1/cmr/m/n on input line 19.
LaTeX Font Info:    ... okay on input line 19.
LaTeX Font Info:    Checking defaults for T1/cmr/m/n on input line 19.
LaTeX Font Info:    ... okay on input line 19.
LaTeX Font Info:    Checking defaults for TS1/cmr/m/n on input line 19.
LaTeX Font Info:    ... okay on input line 19.
LaTeX Font Info:    Checking defaults for OMX/cmex/m/n on input line 19.
LaTeX Font Info:    ... okay on input line 19.
LaTeX Font Info:    Checking defaults for U/cmr/m/n on input line 19.
LaTeX Font Info:    ... okay on input line 19.

*geometry* driver: auto-detecting
*geometry* detected driver: pdftex
*geometry* verbose mode - [ preamble ] result:
* driver: pdftex
* paper: <default>
* layout: <same size as paper>
* layoutoffset:(h,v)=(0.0pt,0.0pt)
* modes: 
* h-part:(L,W,R)=(72.26999pt, 469.75502pt, 72.26999pt)
* v-part:(T,H,B)=(72.26999pt, 650.43001pt, 72.26999pt)
* \paperwidth=614.295pt
* \paperheight=794.96999pt
* \textwidth=469.75502pt
* \textheight=650.43001pt
* \oddsidemargin=0.0pt
* \evensidemargin=0.0pt
* \topmargin=-37.0pt
* \headheight=12.0pt
* \headsep=25.0pt
* \topskip=10.0pt
* \footskip=30.0pt
* \marginparwidth=65.0pt
* \marginparsep=11.0pt
* \columnsep=10.0pt
* \skip\footins=28.45274pt
* \hoffset=0.0pt
* \voffset=0.0pt
* \mag=1000
* \@twocolumnfalse
* \@twosidefalse
* \@mparswitchfalse
* \@reversemarginfalse
* (1in=72.27pt=25.4mm, 1cm=28.453pt)

(/usr/share/texlive/texmf-dist/tex/context/base/mkii/supp-pdf.mkii
[Loading MPS to PDF converter (version 2006.09.02).]
\scratchcounter=\count296
\scratchdimen=\dimen174
\scratchbox=\box64
\nofMPsegments=\count297
\nofMParguments=\count298
\everyMPshowfont=\toks29
\MPscratchCnt=\count299
\MPscratchDim=\dimen175
\MPnumerator=\count300
\makeMPintoPDFobject=\count301
\everyMPtoPDFconversion=\toks30
) (/usr/share/texlive/texmf-dist/tex/latex/epstopdf-pkg/epstopdf-base.sty
Package: epstopdf-base 2020-01-24 v2.11 Base part for package epstopdf
Package epstopdf-base Info: Redefining graphics rule for `.eps' on input line 4
85.

(/usr/share/texlive/texmf-dist/tex/latex/latexconfig/epstopdf-sys.cfg
File: epstopdf-sys.cfg 2010/07/13 v1.3 Configuration of (r)epstopdf for TeX Liv
e
))
(/usr/share/texlive/texmf-dist/tex/latex/pdflscape/pdflscape.sty
Package: pdflscape 2019/12/05 v0.12 Display of landscape pages in PDF (HO)

(/usr/share/texlive/texmf-dist/tex/latex/graphics/lscape.sty
Package: lscape 2020/05/28 v3.02 Landscape Pages (DPC)
)
Package pdflscape Info: Auto-detected driver: pdftex on input line 81.
)
Package caption Info: Begin \AtBeginDocument code.
Package caption Info: float package is loaded.
Package caption Info: End \AtBeginDocument code.
<figures/logo-crop.pdf, id=1, 44.165pt x 43.16125pt>
File: figures/logo-crop.pdf Graphic file (type pdf)
<use figures/logo-crop.pdf>
Package pdftex.def Info: figures/logo-crop.pdf  used on input line 35.
(pdftex.def)             Requested size: 234.8775pt x 229.58395pt.
 [1

{/var/lib/texmf/fonts/map/pdftex/updmap/pdftex.map} <./figures/logo-crop.pdf>]
(./OpenParEM3D_Theory_Methodology_Accuracy.toc
LaTeX Font Info:    Trying to load font information for U+msa on input line 3.

(/usr/share/texlive/texmf-dist/tex/latex/amsfonts/umsa.fd
File: umsa.fd 2013/01/14 v3.01 AMS symbols A
)
LaTeX Font Info:    Trying to load font information for U+msb on input line 3.

(/usr/share/texlive/texmf-dist/tex/latex/amsfonts/umsb.fd
File: umsb.fd 2013/01/14 v3.01 AMS symbols B
) [1])
\tf@toc=\write4
\openout4 = `OpenParEM3D_Theory_Methodology_Accuracy.toc'.

 [2]
Overfull \hbox (1.85574pt too wide) in paragraph at lines 46--47
[]\OT1/cmr/m/n/10 OpenParEM3D is a full-wave elec-tro-mag-netic solver us-ing t
he finite-element method to solve for frequency-
 []

[3] [4] [5] [6] [7] [8] [9]
<figures/Sport-crop.png, id=59, 625.33624pt x 731.73375pt>
File: figures/Sport-crop.png Graphic file (type png)
<use figures/Sport-crop.png>
Package pdftex.def Info: figures/Sport-crop.png  used on input line 332.
(pdftex.def)             Requested size: 117.43875pt x 137.41188pt.
 [10] [11 <./figures/Sport-crop.png>] [12]
LaTeX Font Info:    Font shape `OT1/cmtt/bx/n' in size <10> not available
(Font)              Font shape `OT1/cmtt/m/n' tried instead on input line 498.
<figures/Sportik-crop.pdf, id=74, 503.8825pt x 449.68pt>
File: figures/Sportik-crop.pdf Graphic file (type pdf)
<use figures/Sportik-crop.pdf>
Package pdftex.def Info: figures/Sportik-crop.pdf  used on input line 504.
(pdftex.def)             Requested size: 234.8775pt x 209.61365pt.
 [13]
[14 <./figures/Sportik-crop.pdf>] [15] [16] [17]
<../regression/OpenParEM3D/microstrip/filter_study/screenshots/filter_drawing.p
ng, id=119, 1218.5525pt x 793.96625pt>
File: ../regression/OpenParEM3D/microstrip/filter_study/screenshots/filter_draw
ing.png Graphic file (type png)
<use ../regression/OpenParEM3D/microstrip/filter_study/screenshots/filter_drawi
ng.png>
Package pdftex.def Info: ../regression/OpenParEM3D/microstrip/filter_study/scre
enshots/filter_drawing.png  used on input line 716.
(pdftex.def)             Requested size: 328.82707pt x 214.2526pt.

Overfull \hbox (1.1058pt too wide) in paragraph at lines 713--719
\OT1/cmr/m/n/10 The project can be found in the Open-ParEM dis-tri-bu-tion in \
OT1/cmtt/m/n/10 regression/OpenParEM3D/microstrip/filter[]
 []

[18]
<../regression/OpenParEM3D/microstrip/filter_study/screenshots/filter_starting_
mesh.png, id=124, 1198.4775pt x 780.9175pt>
File: ../regression/OpenParEM3D/microstrip/filter_study/screenshots/filter_star
ting_mesh.png Graphic file (type png)
<use ../regression/OpenParEM3D/microstrip/filter_study/screenshots/filter_start
ing_mesh.png>
Package pdftex.def Info: ../regression/OpenParEM3D/microstrip/filter_study/scre
enshots/filter_starting_mesh.png  used on input line 722.
(pdftex.def)             Requested size: 328.82707pt x 214.25847pt.
<../regression/OpenParEM3D/microstrip/filter_study/screenshots/microstrip_filte
r_1st_order.png, id=125, 768.8725pt x 530.98375pt>
File: ../regression/OpenParEM3D/microstrip/filter_study/screenshots/microstrip_
filter_1st_order.png Graphic file (type png)
<use ../regression/OpenParEM3D/microstrip/filter_study/screenshots/microstrip_f
ilter_1st_order.png>
Package pdftex.def Info: ../regression/OpenParEM3D/microstrip/filter_study/scre
enshots/microstrip_filter_1st_order.png  used on input line 731.
(pdftex.def)             Requested size: 211.38832pt x 145.98451pt.
<../regression/OpenParEM3D/microstrip/filter_study/screenshots/microstrip_filte
r_2nd_order.png, id=126, 789.95125pt x 537.00626pt>
File: ../regression/OpenParEM3D/microstrip/filter_study/screenshots/microstrip_
filter_2nd_order.png Graphic file (type png)
<use ../regression/OpenParEM3D/microstrip/filter_study/screenshots/microstrip_f
ilter_2nd_order.png>
Package pdftex.def Info: ../regression/OpenParEM3D/microstrip/filter_study/scre
enshots/microstrip_filter_2nd_order.png  used on input line 735.
(pdftex.def)             Requested size: 211.38832pt x 143.69896pt.
<../regression/OpenParEM3D/microstrip/filter_study/screenshots/microstrip_filte
r_3rd_order.png, id=127, 783.92876pt x 540.0175pt>
File: ../regression/OpenParEM3D/microstrip/filter_study/screenshots/microstrip_
filter_3rd_order.png Graphic file (type png)
<use ../regression/OpenParEM3D/microstrip/filter_study/screenshots/microstrip_f
ilter_3rd_order.png>
Package pdftex.def Info: ../regression/OpenParEM3D/microstrip/filter_study/scre
enshots/microstrip_filter_3rd_order.png  used on input line 740.
(pdftex.def)             Requested size: 211.38832pt x 145.61714pt.
<../regression/OpenParEM3D/microstrip/filter_study/screenshots/microstrip_filte
r_4th_order.png, id=128, 789.95125pt x 537.00626pt>
File: ../regression/OpenParEM3D/microstrip/filter_study/screenshots/microstrip_
filter_4th_order.png Graphic file (type png)
<use ../regression/OpenParEM3D/microstrip/filter_study/screenshots/microstrip_f
ilter_4th_order.png>
Package pdftex.def Info: ../regression/OpenParEM3D/microstrip/filter_study/scre
enshots/microstrip_filter_4th_order.png  used on input line 744.
(pdftex.def)             Requested size: 211.38832pt x 143.69896pt.
<../regression/OpenParEM3D/microstrip/filter_study/screenshots/microstrip_filte
r_5th_order.png, id=129, 1253.68375pt x 537.00626pt>
File: ../regression/OpenParEM3D/microstrip/filter_study/screenshots/microstrip_
filter_5th_order.png Graphic file (type png)
<use ../regression/OpenParEM3D/microstrip/filter_study/screenshots/microstrip_f
ilter_5th_order.png>
Package pdftex.def Info: ../regression/OpenParEM3D/microstrip/filter_study/scre
enshots/microstrip_filter_5th_order.png  used on input line 749.
(pdftex.def)             Requested size: 338.22418pt x 144.87071pt.
<../regression/OpenParEM3D/microstrip/filter_study/screenshots/microstrip_filte
r_1st_order_zoom.png, id=130, 783.92876pt x 527.9725pt>
File: ../regression/OpenParEM3D/microstrip/filter_study/screenshots/microstrip_
filter_1st_order_zoom.png Graphic file (type png)
<use ../regression/OpenParEM3D/microstrip/filter_study/screenshots/microstrip_f
ilter_1st_order_zoom.png>
Package pdftex.def Info: ../regression/OpenParEM3D/microstrip/filter_study/scre
enshots/microstrip_filter_1st_order_zoom.png  used on input line 758.
(pdftex.def)             Requested size: 211.38832pt x 142.36919pt.
<../regression/OpenParEM3D/microstrip/filter_study/screenshots/microstrip_filte
r_2nd_order_zoom.png, id=131, 803.0pt x 528.97626pt>
File: ../regression/OpenParEM3D/microstrip/filter_study/screenshots/microstrip_
filter_2nd_order_zoom.png Graphic file (type png)
<use ../regression/OpenParEM3D/microstrip/filter_study/screenshots/microstrip_f
ilter_2nd_order_zoom.png>
Package pdftex.def Info: ../regression/OpenParEM3D/microstrip/filter_study/scre
enshots/microstrip_filter_2nd_order_zoom.png  used on input line 762.
(pdftex.def)             Requested size: 211.38832pt x 139.24982pt.
<../regression/OpenParEM3D/microstrip/filter_study/screenshots/microstrip_filte
r_3rd_order_zoom.png, id=132, 791.95876pt x 529.98pt>
File: ../regression/OpenParEM3D/microstrip/filter_study/screenshots/microstrip_
filter_3rd_order_zoom.png Graphic file (type png)
<use ../regression/OpenParEM3D/microstrip/filter_study/screenshots/microstrip_f
ilter_3rd_order_zoom.png>
Package pdftex.def Info: ../regression/OpenParEM3D/microstrip/filter_study/scre
enshots/microstrip_filter_3rd_order_zoom.png  used on input line 766.
(pdftex.def)             Requested size: 211.38832pt x 141.45488pt.
<../regression/OpenParEM3D/microstrip/filter_study/screenshots/microstrip_filte
r_4th_order_zoom.png, id=133, 790.955pt x 530.98375pt>
File: ../regression/OpenParEM3D/microstrip/filter_study/screenshots/microstrip_
filter_4th_order_zoom.png Graphic file (type png)
<use ../regression/OpenParEM3D/microstrip/filter_study/screenshots/microstrip_f
ilter_4th_order_zoom.png>
Package pdftex.def Info: ../regression/OpenParEM3D/microstrip/filter_study/scre
enshots/microstrip_filter_4th_order_zoom.png  used on input line 770.
(pdftex.def)             Requested size: 211.38832pt x 141.90913pt.
<../regression/OpenParEM3D/microstrip/filter_study/screenshots/microstrip_filte
r_5th_order_zoom.png, id=134, 1260.71pt x 519.9425pt>
File: ../regression/OpenParEM3D/microstrip/filter_study/screenshots/microstrip_
filter_5th_order_zoom.png Graphic file (type png)
<use ../regression/OpenParEM3D/microstrip/filter_study/screenshots/microstrip_f
ilter_5th_order_zoom.png>
Package pdftex.def Info: ../regression/OpenParEM3D/microstrip/filter_study/scre
enshots/microstrip_filter_5th_order_zoom.png  used on input line 775.
(pdftex.def)             Requested size: 338.22418pt x 139.48984pt.
 [19 <../regression/OpenParEM3D/microstrip/filter_study/screenshots/filter_draw
ing.png> <../regression/OpenParEM3D/microstrip/filter_study/screenshots/filter_
starting_mesh.png>] [20 <../regression/OpenParEM3D/microstrip/filter_study/scre
enshots/microstrip_filter_1st_order.png> <../regression/OpenParEM3D/microstrip/
filter_study/screenshots/microstrip_filter_2nd_order.png> <../regression/OpenPa
rEM3D/microstrip/filter_study/screenshots/microstrip_filter_3rd_order.png> <../
regression/OpenParEM3D/microstrip/filter_study/screenshots/microstrip_filter_4t
h_order.png> <../regression/OpenParEM3D/microstrip/filter_study/screenshots/mic
rostrip_filter_5th_order.png>] [21 <../regression/OpenParEM3D/microstrip/filter
_study/screenshots/microstrip_filter_1st_order_zoom.png> <../regression/OpenPar
EM3D/microstrip/filter_study/screenshots/microstrip_filter_2nd_order_zoom.png> 
<../regression/OpenParEM3D/microstrip/filter_study/screenshots/microstrip_filte
r_3rd_order_zoom.png> <../regression/OpenParEM3D/microstrip/filter_study/screen
shots/microstrip_filter_4th_order_zoom.png> <../regression/OpenParEM3D/microstr
ip/filter_study/screenshots/microstrip_filter_5th_order_zoom.png>]
<../regression/OpenParEM3D/microstrip/filter_study/screenshots/filter_refined_m
esh.png, id=156, 1263.72125pt x 910.40125pt>
File: ../regression/OpenParEM3D/microstrip/filter_study/screenshots/filter_refi
ned_mesh.png Graphic file (type png)
<use ../regression/OpenParEM3D/microstrip/filter_study/screenshots/filter_refin
ed_mesh.png>
Package pdftex.def Info: ../regression/OpenParEM3D/microstrip/filter_study/scre
enshots/filter_refined_mesh.png  used on input line 805.
(pdftex.def)             Requested size: 258.36668pt x 186.13336pt.
<../regression/OpenParEM3D/microstrip/filter_study/screenshots/filter_3rd_order
_Hfield.png, id=157, 1266.7325pt x 914.41624pt>
File: ../regression/OpenParEM3D/microstrip/filter_study/screenshots/filter_3rd_
order_Hfield.png Graphic file (type png)
<use ../regression/OpenParEM3D/microstrip/filter_study/screenshots/filter_3rd_o
rder_Hfield.png>
Package pdftex.def Info: ../regression/OpenParEM3D/microstrip/filter_study/scre
enshots/filter_3rd_order_Hfield.png  used on input line 812.
(pdftex.def)             Requested size: 211.38832pt x 152.58836pt.
<../regression/OpenParEM3D/microstrip/filter_study/screenshots/filter_5th_order
_Hfield.png, id=158, 1192.455pt x 858.20625pt>
File: ../regression/OpenParEM3D/microstrip/filter_study/screenshots/filter_5th_
order_Hfield.png Graphic file (type png)
<use ../regression/OpenParEM3D/microstrip/filter_study/screenshots/filter_5th_o
rder_Hfield.png>
Package pdftex.def Info: ../regression/OpenParEM3D/microstrip/filter_study/scre
enshots/filter_5th_order_Hfield.png  used on input line 816.
(pdftex.def)             Requested size: 211.38832pt x 152.12642pt.
 [22 <../regression/OpenParEM3D/microstrip/filter_study/screenshots/filter_refi
ned_mesh.png>]
<../regression/OpenParEM3D/microstrip/filter_study/screenshots/filter_iteration
s.png, id=163, 799.98875pt x 435.6275pt>
File: ../regression/OpenParEM3D/microstrip/filter_study/screenshots/filter_iter
ations.png Graphic file (type png)
<use ../regression/OpenParEM3D/microstrip/filter_study/screenshots/filter_itera
tions.png>
Package pdftex.def Info: ../regression/OpenParEM3D/microstrip/filter_study/scre
enshots/filter_iterations.png  used on input line 830.
(pdftex.def)             Requested size: 178.5092pt x 97.201pt.
<../regression/OpenParEM3D/microstrip/filter_study/screenshots/filter_counts.pn
g, id=164, 998.73125pt x 472.76625pt>
File: ../regression/OpenParEM3D/microstrip/filter_study/screenshots/filter_coun
ts.png Graphic file (type png)
<use ../regression/OpenParEM3D/microstrip/filter_study/screenshots/filter_count
s.png>
Package pdftex.def Info: ../regression/OpenParEM3D/microstrip/filter_study/scre
enshots/filter_counts.png  used on input line 834.
(pdftex.def)             Requested size: 201.99121pt x 95.612pt.
<../regression/OpenParEM3D/microstrip/filter_study/screenshots/filter_run_times
.png, id=165, 815.045pt x 453.695pt>
File: ../regression/OpenParEM3D/microstrip/filter_study/screenshots/filter_run_
times.png Graphic file (type png)
<use ../regression/OpenParEM3D/microstrip/filter_study/screenshots/filter_run_t
imes.png>
Package pdftex.def Info: ../regression/OpenParEM3D/microstrip/filter_study/scre
enshots/filter_run_times.png  used on input line 839.
(pdftex.def)             Requested size: 164.41711pt x 91.51967pt.
 [23 <../regression/OpenParEM3D/microstrip/filter_study/screenshots/filter_3rd_
order_Hfield.png> <../regression/OpenParEM3D/microstrip/filter_study/screenshot
s/filter_5th_order_Hfield.png> <../regression/OpenParEM3D/microstrip/filter_stu
dy/screenshots/filter_iterations.png> <../regression/OpenParEM3D/microstrip/fil
ter_study/screenshots/filter_counts.png> <../regression/OpenParEM3D/microstrip/
filter_study/screenshots/filter_run_times.png>]
<../regression/OpenParEM3D/antenna/square_monopole_study/screenshots/drawing.pn
g, id=175, 625.33624pt x 644.4075pt>
File: ../regression/OpenParEM3D/antenna/square_monopole_study/screenshots/drawi
ng.png Graphic file (type png)
<use ../regression/OpenParEM3D/antenna/square_monopole_study/screenshots/drawin
g.png>
Package pdftex.def Info: ../regression/OpenParEM3D/antenna/square_monopole_stud
y/screenshots/drawing.png  used on input line 853.
(pdftex.def)             Requested size: 169.58319pt x 174.74948pt.

Underfull \hbox (badness 1590) in paragraph at lines 854--854
[]\OT1/cmr/m/n/9 (a) |Square pla-nar monopole draw-ing in
 []

<../regression/OpenParEM3D/antenna/square_monopole_study/screenshots/drawing_zo
om.png, id=176, 344.28625pt x 325.215pt>
File: ../regression/OpenParEM3D/antenna/square_monopole_study/screenshots/drawi
ng_zoom.png Graphic file (type png)
<use ../regression/OpenParEM3D/antenna/square_monopole_study/screenshots/drawin
g_zoom.png>
Package pdftex.def Info: ../regression/OpenParEM3D/antenna/square_monopole_stud
y/screenshots/drawing_zoom.png  used on input line 857.
(pdftex.def)             Requested size: 169.58319pt x 160.19041pt.
<../regression/OpenParEM3D/antenna/square_monopole_study/screenshots/results_12
GHz_AMR.png, id=177, 1325.95375pt x 604.2575pt>
File: ../regression/OpenParEM3D/antenna/square_monopole_study/screenshots/resul
ts_12GHz_AMR.png Graphic file (type png)
<use ../regression/OpenParEM3D/antenna/square_monopole_study/screenshots/result
s_12GHz_AMR.png>
Package pdftex.def Info: ../regression/OpenParEM3D/antenna/square_monopole_stud
y/screenshots/results_12GHz_AMR.png  used on input line 869.
(pdftex.def)             Requested size: 352.31625pt x 160.5516pt.
[24 <../regression/OpenParEM3D/antenna/square_monopole_study/screenshots/drawin
g.png> <../regression/OpenParEM3D/antenna/square_monopole_study/screenshots/dra
wing_zoom.png>]
<../regression/OpenParEM3D/antenna/square_monopole_study/screenshots/results_3G
Hz_AMR.png, id=184, 1324.95pt x 602.25pt>
File: ../regression/OpenParEM3D/antenna/square_monopole_study/screenshots/resul
ts_3GHz_AMR.png Graphic file (type png)
<use ../regression/OpenParEM3D/antenna/square_monopole_study/screenshots/result
s_3GHz_AMR.png>
Package pdftex.def Info: ../regression/OpenParEM3D/antenna/square_monopole_stud
y/screenshots/results_3GHz_AMR.png  used on input line 877.
(pdftex.def)             Requested size: 352.31625pt x 160.13766pt.
 [25 <../regression/OpenParEM3D/antenna/square_monopole_study/screenshots/resul
ts_12GHz_AMR.png> <../regression/OpenParEM3D/antenna/square_monopole_study/scre
enshots/results_3GHz_AMR.png>]
<../regression/OpenParEM3D/microstrip/bridge_study/screenshots/bridge_drawing.p
ng, id=190, 998.73125pt x 648.4225pt>
File: ../regression/OpenParEM3D/microstrip/bridge_study/screenshots/bridge_draw
ing.png Graphic file (type png)
<use ../regression/OpenParEM3D/microstrip/bridge_study/screenshots/bridge_drawi
ng.png>
Package pdftex.def Info: ../regression/OpenParEM3D/microstrip/bridge_study/scre
enshots/bridge_drawing.png  used on input line 912.
(pdftex.def)             Requested size: 234.8775pt x 152.48814pt.
<../regression/OpenParEM3D/microstrip/bridge_study/screenshots/bridge_mesh.png,
 id=191, 962.59625pt x 855.195pt>
File: ../regression/OpenParEM3D/microstrip/bridge_study/screenshots/bridge_mesh
.png Graphic file (type png)
<use ../regression/OpenParEM3D/microstrip/bridge_study/screenshots/bridge_mesh.
png>
Package pdftex.def Info: ../regression/OpenParEM3D/microstrip/bridge_study/scre
enshots/bridge_mesh.png  used on input line 921.
(pdftex.def)             Requested size: 234.8775pt x 208.66989pt.
 [26 <../regression/OpenParEM3D/microstrip/bridge_study/screenshots/bridge_draw
ing.png>]
<../regression/OpenParEM3D/microstrip/bridge_study/screenshots/bridge_results.p
ng, id=196, 862.22125pt x 468.75125pt>
File: ../regression/OpenParEM3D/microstrip/bridge_study/screenshots/bridge_resu
lts.png Graphic file (type png)
<use ../regression/OpenParEM3D/microstrip/bridge_study/screenshots/bridge_resul
ts.png>
Package pdftex.def Info: ../regression/OpenParEM3D/microstrip/bridge_study/scre
enshots/bridge_results.png  used on input line 930.
(pdftex.def)             Requested size: 352.31625pt x 191.53836pt.
 [27 <../regression/OpenParEM3D/microstrip/bridge_study/screenshots/bridge_mesh
.png> <../regression/OpenParEM3D/microstrip/bridge_study/screenshots/bridge_res
ults.png>]
<../regression/OpenParEM3D/slotline/step_study/screenshots/step_drawing.png, id
=202, 602.25pt x 772.8875pt>
File: ../regression/OpenParEM3D/slotline/step_study/screenshots/step_drawing.pn
g Graphic file (type png)
<use ../regression/OpenParEM3D/slotline/step_study/screenshots/step_drawing.png
>
Package pdftex.def Info: ../regression/OpenParEM3D/slotline/step_study/screensh
ots/step_drawing.png  used on input line 943.
(pdftex.def)             Requested size: 211.38832pt x 271.28123pt.
<../regression/OpenParEM3D/slotline/step_study/screenshots/step_results.png, id
=203, 1211.52625pt x 656.4525pt>
File: ../regression/OpenParEM3D/slotline/step_study/screenshots/step_results.pn
g Graphic file (type png)
<use ../regression/OpenParEM3D/slotline/step_study/screenshots/step_results.png
>
Package pdftex.def Info: ../regression/OpenParEM3D/slotline/step_study/screensh
ots/step_results.png  used on input line 952.
(pdftex.def)             Requested size: 375.80544pt x 203.62839pt.
<../regression/OpenParEM3D/slotline/step_study/screenshots/step_real_H.png, id=
204, 675.52374pt x 604.2575pt>
File: ../regression/OpenParEM3D/slotline/step_study/screenshots/step_real_H.png
 Graphic file (type png)
<use ../regression/OpenParEM3D/slotline/step_study/screenshots/step_real_H.png>

Package pdftex.def Info: ../regression/OpenParEM3D/slotline/step_study/screensh
ots/step_real_H.png  used on input line 959.
(pdftex.def)             Requested size: 328.82707pt x 294.1433pt.
 [28 <../regression/OpenParEM3D/slotline/step_study/screenshots/step_drawing.pn
g> <../regression/OpenParEM3D/slotline/step_study/screenshots/step_results.png>
]
<../regression/OpenParEM3D/WR75/T-Junction_study/screenshots/junction_drawing.p
ng, id=210, 732.7375pt x 730.73pt>
File: ../regression/OpenParEM3D/WR75/T-Junction_study/screenshots/junction_draw
ing.png Graphic file (type png)
<use ../regression/OpenParEM3D/WR75/T-Junction_study/screenshots/junction_drawi
ng.png>
Package pdftex.def Info: ../regression/OpenParEM3D/WR75/T-Junction_study/screen
shots/junction_drawing.png  used on input line 970.
(pdftex.def)             Requested size: 187.89914pt x 187.3762pt.
<../regression/OpenParEM3D/WR75/T-Junction_study/screenshots/junction_mesh.png,
 id=211, 825.0825pt x 874.26625pt>
File: ../regression/OpenParEM3D/WR75/T-Junction_study/screenshots/junction_mesh
.png Graphic file (type png)
<use ../regression/OpenParEM3D/WR75/T-Junction_study/screenshots/junction_mesh.
png>
Package pdftex.def Info: ../regression/OpenParEM3D/WR75/T-Junction_study/screen
shots/junction_mesh.png  used on input line 977.
(pdftex.def)             Requested size: 117.43875pt x 124.43748pt.
 [29 <../regression/OpenParEM3D/slotline/step_study/screenshots/step_real_H.png
> <../regression/OpenParEM3D/WR75/T-Junction_study/screenshots/junction_drawing
.png>]
<../regression/OpenParEM3D/WR75/T-Junction_study/screenshots/junction_S11.png, 
id=217, 852.18375pt x 477.785pt>
File: ../regression/OpenParEM3D/WR75/T-Junction_study/screenshots/junction_S11.
png Graphic file (type png)
<use ../regression/OpenParEM3D/WR75/T-Junction_study/screenshots/junction_S11.p
ng>
Package pdftex.def Info: ../regression/OpenParEM3D/WR75/T-Junction_study/screen
shots/junction_S11.png  used on input line 987.
(pdftex.def)             Requested size: 218.67268pt x 122.5954pt.
<../regression/OpenParEM3D/WR75/T-Junction_study/screenshots/junction_S21.png, 
id=218, 853.1875pt x 479.7925pt>
File: ../regression/OpenParEM3D/WR75/T-Junction_study/screenshots/junction_S21.
png Graphic file (type png)
<use ../regression/OpenParEM3D/WR75/T-Junction_study/screenshots/junction_S21.p
ng>
Package pdftex.def Info: ../regression/OpenParEM3D/WR75/T-Junction_study/screen
shots/junction_S21.png  used on input line 991.
(pdftex.def)             Requested size: 218.67268pt x 122.9714pt.
<../regression/OpenParEM3D/WR75/dielectric-loading_study/screenshots/loading_dr
awing.png, id=219, 788.9475pt x 667.49374pt>
File: ../regression/OpenParEM3D/WR75/dielectric-loading_study/screenshots/loadi
ng_drawing.png Graphic file (type png)
<use ../regression/OpenParEM3D/WR75/dielectric-loading_study/screenshots/loadin
g_drawing.png>
Package pdftex.def Info: ../regression/OpenParEM3D/WR75/dielectric-loading_stud
y/screenshots/loading_drawing.png  used on input line 1004.
(pdftex.def)             Requested size: 187.89914pt x 158.96938pt.

[30 <../regression/OpenParEM3D/WR75/T-Junction_study/screenshots/junction_mesh.
png> <../regression/OpenParEM3D/WR75/T-Junction_study/screenshots/junction_S11.
png> <../regression/OpenParEM3D/WR75/T-Junction_study/screenshots/junction_S21.
png> <../regression/OpenParEM3D/WR75/dielectric-loading_study/screenshots/loadi
ng_drawing.png>]
<../regression/OpenParEM3D/WR75/dielectric-loading_study/screenshots/loading_re
sults.png, id=228, 941.5175pt x 513.92pt>
File: ../regression/OpenParEM3D/WR75/dielectric-loading_study/screenshots/loadi
ng_results.png Graphic file (type png)
<use ../regression/OpenParEM3D/WR75/dielectric-loading_study/screenshots/loadin
g_results.png>
Package pdftex.def Info: ../regression/OpenParEM3D/WR75/dielectric-loading_stud
y/screenshots/loading_results.png  used on input line 1017.
(pdftex.def)             Requested size: 281.85587pt x 153.84782pt.
<../regression/OpenParEM3D/stripline/Simonovich_stripline_study/screenshots/str
ipline_drawing.png, id=229, 1453.43pt x 543.02875pt>
File: ../regression/OpenParEM3D/stripline/Simonovich_stripline_study/screenshot
s/stripline_drawing.png Graphic file (type png)
<use ../regression/OpenParEM3D/stripline/Simonovich_stripline_study/screenshots
/stripline_drawing.png>
Package pdftex.def Info: ../regression/OpenParEM3D/stripline/Simonovich_stripli
ne_study/screenshots/stripline_drawing.png  used on input line 1034.
(pdftex.def)             Requested size: 234.8775pt x 87.74811pt.
<../regression/OpenParEM3D/stripline/Simonovich_stripline_study/screenshots/str
ipline_mesh.png, id=230, 1424.32124pt x 514.92375pt>
File: ../regression/OpenParEM3D/stripline/Simonovich_stripline_study/screenshot
s/stripline_mesh.png Graphic file (type png)
<use ../regression/OpenParEM3D/stripline/Simonovich_stripline_study/screenshots
/stripline_mesh.png>
Package pdftex.def Info: ../regression/OpenParEM3D/stripline/Simonovich_stripli
ne_study/screenshots/stripline_mesh.png  used on input line 1041.
(pdftex.def)             Requested size: 234.8775pt x 84.9116pt.
 [31 <../regression/OpenParEM3D/WR75/dielectric-loading_study/screenshots/loadi
ng_results.png> <../regression/OpenParEM3D/stripline/Simonovich_stripline_study
/screenshots/stripline_drawing.png>]
<../regression/OpenParEM3D/stripline/Simonovich_stripline_study/screenshots/str
ipline_results.png, id=236, 896.34875pt x 402.50375pt>
File: ../regression/OpenParEM3D/stripline/Simonovich_stripline_study/screenshot
s/stripline_results.png Graphic file (type png)
<use ../regression/OpenParEM3D/stripline/Simonovich_stripline_study/screenshots
/stripline_results.png>
Package pdftex.def Info: ../regression/OpenParEM3D/stripline/Simonovich_stripli
ne_study/screenshots/stripline_results.png  used on input line 1050.
(pdftex.def)             Requested size: 328.82707pt x 147.65886pt.
<../regression/OpenParEM3D/WR90/straight_study/screenshots/WR90mesh.png, id=237
, 783.92876pt x 596.2275pt>
File: ../regression/OpenParEM3D/WR90/straight_study/screenshots/WR90mesh.png Gr
aphic file (type png)
<use ../regression/OpenParEM3D/WR90/straight_study/screenshots/WR90mesh.png>
Package pdftex.def Info: ../regression/OpenParEM3D/WR90/straight_study/screensh
ots/WR90mesh.png  used on input line 1065.
(pdftex.def)             Requested size: 187.89914pt x 142.90646pt.
 [32 <../regression/OpenParEM3D/stripline/Simonovich_stripline_study/screenshot
s/stripline_mesh.png> <../regression/OpenParEM3D/stripline/Simonovich_stripline
_study/screenshots/stripline_results.png>]
<../regression/OpenParEM3D/WR90/straight_study/screenshots/WR90ReEy.png, id=243
, 515.9275pt x 582.175pt>
File: ../regression/OpenParEM3D/WR90/straight_study/screenshots/WR90ReEy.png Gr
aphic file (type png)
<use ../regression/OpenParEM3D/WR90/straight_study/screenshots/WR90ReEy.png>
Package pdftex.def Info: ../regression/OpenParEM3D/WR90/straight_study/screensh
ots/WR90ReEy.png  used on input line 1072.
(pdftex.def)             Requested size: 140.92793pt x 159.0193pt.
<../regression/OpenParEM3D/WR90/straight_study/screenshots/S11Error.png, id=244
, 984.67876pt x 557.08125pt>
File: ../regression/OpenParEM3D/WR90/straight_study/screenshots/S11Error.png Gr
aphic file (type png)
<use ../regression/OpenParEM3D/WR90/straight_study/screenshots/S11Error.png>
Package pdftex.def Info: ../regression/OpenParEM3D/WR90/straight_study/screensh
ots/S11Error.png  used on input line 1082.
(pdftex.def)             Requested size: 230.18253pt x 130.22557pt.
<../regression/OpenParEM3D/WR90/straight_study/screenshots/S11ErrorZoom.png, id
=245, 972.63374pt x 561.09625pt>
File: ../regression/OpenParEM3D/WR90/straight_study/screenshots/S11ErrorZoom.pn
g Graphic file (type png)
<use ../regression/OpenParEM3D/WR90/straight_study/screenshots/S11ErrorZoom.png
>
Package pdftex.def Info: ../regression/OpenParEM3D/WR90/straight_study/screensh
ots/S11ErrorZoom.png  used on input line 1086.
(pdftex.def)             Requested size: 230.18253pt x 132.78229pt.
 [33 <../regression/OpenParEM3D/WR90/straight_study/screenshots/WR90mesh.png> <
../regression/OpenParEM3D/WR90/straight_study/screenshots/WR90ReEy.png> <../reg
ression/OpenParEM3D/WR90/straight_study/screenshots/S11Error.png> <../regressio
n/OpenParEM3D/WR90/straight_study/screenshots/S11ErrorZoom.png>]
<../regression/OpenParEM3D/WR90/straight_study/screenshots/S21Error.png, id=253
, 976.64874pt x 564.1075pt>
File: ../regression/OpenParEM3D/WR90/straight_study/screenshots/S21Error.png Gr
aphic file (type png)
<use ../regression/OpenParEM3D/WR90/straight_study/screenshots/S21Error.png>
Package pdftex.def Info: ../regression/OpenParEM3D/WR90/straight_study/screensh
ots/S21Error.png  used on input line 1098.
(pdftex.def)             Requested size: 230.18253pt x 132.9526pt.
<../regression/OpenParEM3D/WR90/straight_study/screenshots/S21ErrorZoom.png, id
=254, 976.64874pt x 567.11874pt>
File: ../regression/OpenParEM3D/WR90/straight_study/screenshots/S21ErrorZoom.pn
g Graphic file (type png)
<use ../regression/OpenParEM3D/WR90/straight_study/screenshots/S21ErrorZoom.png
>
Package pdftex.def Info: ../regression/OpenParEM3D/WR90/straight_study/screensh
ots/S21ErrorZoom.png  used on input line 1102.
(pdftex.def)             Requested size: 230.18253pt x 133.66232pt.
<../regression/OpenParEM3D/WR90/straight_study/screenshots/PhaseShiftError.png,
 id=255, 973.6375pt x 565.11125pt>
File: ../regression/OpenParEM3D/WR90/straight_study/screenshots/PhaseShiftError
.png Graphic file (type png)
<use ../regression/OpenParEM3D/WR90/straight_study/screenshots/PhaseShiftError.
png>
Package pdftex.def Info: ../regression/OpenParEM3D/WR90/straight_study/screensh
ots/PhaseShiftError.png  used on input line 1114.
(pdftex.def)             Requested size: 230.18253pt x 133.59447pt.
<../regression/OpenParEM3D/WR90/straight_study/screenshots/PhaseShiftErrorZoom.
png, id=256, 974.64125pt x 566.115pt>
File: ../regression/OpenParEM3D/WR90/straight_study/screenshots/PhaseShiftError
Zoom.png Graphic file (type png)
<use ../regression/OpenParEM3D/WR90/straight_study/screenshots/PhaseShiftErrorZ
oom.png>
Package pdftex.def Info: ../regression/OpenParEM3D/WR90/straight_study/screensh
ots/PhaseShiftErrorZoom.png  used on input line 1118.
(pdftex.def)             Requested size: 230.18253pt x 133.69354pt.
<../regression/OpenParEM3D/WR90/straight_study/screenshots/PassivityError.png, 
id=257, 970.62625pt x 563.10374pt>
File: ../regression/OpenParEM3D/WR90/straight_study/screenshots/PassivityError.
png Graphic file (type png)
<use ../regression/OpenParEM3D/WR90/straight_study/screenshots/PassivityError.p
ng>
Package pdftex.def Info: ../regression/OpenParEM3D/WR90/straight_study/screensh
ots/PassivityError.png  used on input line 1130.
(pdftex.def)             Requested size: 230.18253pt x 133.54091pt.
<../regression/OpenParEM3D/WR90/straight_study/screenshots/PassivityErrorZoom.p
ng, id=258, 965.6075pt x 558.085pt>
File: ../regression/OpenParEM3D/WR90/straight_study/screenshots/PassivityErrorZ
oom.png Graphic file (type png)
<use ../regression/OpenParEM3D/WR90/straight_study/screenshots/PassivityErrorZo
om.png>
Package pdftex.def Info: ../regression/OpenParEM3D/WR90/straight_study/screensh
ots/PassivityErrorZoom.png  used on input line 1134.
(pdftex.def)             Requested size: 230.18253pt x 133.03195pt.
[34 <../regression/OpenParEM3D/WR90/straight_study/screenshots/S21Error.png> <.
./regression/OpenParEM3D/WR90/straight_study/screenshots/S21ErrorZoom.png> <../
regression/OpenParEM3D/WR90/straight_study/screenshots/PhaseShiftError.png> <..
/regression/OpenParEM3D/WR90/straight_study/screenshots/PhaseShiftErrorZoom.png
>]
<../regression/OpenParEM3D/WR90/straight_study/screenshots/FirstIteration.png, 
id=266, 963.6pt x 523.9575pt>
File: ../regression/OpenParEM3D/WR90/straight_study/screenshots/FirstIteration.
png Graphic file (type png)
<use ../regression/OpenParEM3D/WR90/straight_study/screenshots/FirstIteration.p
ng>
Package pdftex.def Info: ../regression/OpenParEM3D/WR90/straight_study/screensh
ots/FirstIteration.png  used on input line 1145.
(pdftex.def)             Requested size: 281.85587pt x 153.25494pt.
<../regression/OpenParEM3D/antenna/dipole_study/screenshots/dipole.png, id=267,
 23.08624pt x 626.34pt>
File: ../regression/OpenParEM3D/antenna/dipole_study/screenshots/dipole.png Gra
phic file (type png)
<use ../regression/OpenParEM3D/antenna/dipole_study/screenshots/dipole.png>
Package pdftex.def Info: ../regression/OpenParEM3D/antenna/dipole_study/screens
hots/dipole.png  used on input line 1157.
(pdftex.def)             Requested size: 5.8705pt x 159.27017pt.

Overfull \hbox (5.94887pt too wide) in paragraph at lines 1158--1158
[]\OT1/cmr/m/n/9 (a)
 []


Overfull \hbox (20.46889pt too wide) in paragraph at lines 1158--1158
|\OT1/cmr/m/n/9 Dipole
 []


Overfull \hbox (12.1155pt too wide) in paragraph at lines 1158--1158
\OT1/cmr/m/n/9 with
 []


Overfull \hbox (12.89325pt too wide) in paragraph at lines 1158--1158
\OT1/cmr/m/n/9 feed.| 
 []

<../regression/OpenParEM3D/antenna/dipole_study/screenshots/dipole_feed.png, id
=268, 399.4925pt x 627.34375pt>
File: ../regression/OpenParEM3D/antenna/dipole_study/screenshots/dipole_feed.pn
g Graphic file (type png)
<use ../regression/OpenParEM3D/antenna/dipole_study/screenshots/dipole_feed.png
>
Package pdftex.def Info: ../regression/OpenParEM3D/antenna/dipole_study/screens
hots/dipole_feed.png  used on input line 1162.
(pdftex.def)             Requested size: 93.94957pt x 147.5311pt.
<../regression/OpenParEM3D/antenna/dipole_study/screenshots/dipole_boxed.png, i
d=269, 559.08875pt x 606.265pt>
File: ../regression/OpenParEM3D/antenna/dipole_study/screenshots/dipole_boxed.p
ng Graphic file (type png)
<use ../regression/OpenParEM3D/antenna/dipole_study/screenshots/dipole_boxed.pn
g>
Package pdftex.def Info: ../regression/OpenParEM3D/antenna/dipole_study/screens
hots/dipole_boxed.png  used on input line 1167.
(pdftex.def)             Requested size: 150.32504pt x 163.00917pt.
[35 <../regression/OpenParEM3D/WR90/straight_study/screenshots/PassivityError.p
ng> <../regression/OpenParEM3D/WR90/straight_study/screenshots/PassivityErrorZo
om.png> <../regression/OpenParEM3D/WR90/straight_study/screenshots/FirstIterati
on.png>]
<../regression/OpenParEM3D/antenna/dipole_study/screenshots/dipole_S.png, id=27
6, 1114.1625pt x 537.00626pt>
File: ../regression/OpenParEM3D/antenna/dipole_study/screenshots/dipole_S.png G
raphic file (type png)
<use ../regression/OpenParEM3D/antenna/dipole_study/screenshots/dipole_S.png>
Package pdftex.def Info: ../regression/OpenParEM3D/antenna/dipole_study/screens
hots/dipole_S.png  used on input line 1180.
(pdftex.def)             Requested size: 281.85587pt x 135.84906pt.
 [36 <../regression/OpenParEM3D/antenna/dipole_study/screenshots/dipole.png> <.
./regression/OpenParEM3D/antenna/dipole_study/screenshots/dipole_feed.png> <../
regression/OpenParEM3D/antenna/dipole_study/screenshots/dipole_boxed.png> <../r
egression/OpenParEM3D/antenna/dipole_study/screenshots/dipole_S.png>]
<../regression/OpenParEM3D/antenna/dipole_study/screenshots/dipole_gain.png, id
=285, 1106.1325pt x 540.0175pt>
File: ../regression/OpenParEM3D/antenna/dipole_study/screenshots/dipole_gain.pn
g Graphic file (type png)
<use ../regression/OpenParEM3D/antenna/dipole_study/screenshots/dipole_gain.png
>
Package pdftex.def Info: ../regression/OpenParEM3D/antenna/dipole_study/screens
hots/dipole_gain.png  used on input line 1191.
(pdftex.def)             Requested size: 281.85587pt x 137.59964pt.
<../regression/OpenParEM3D/antenna/dipole_study/screenshots/dipole_pattern.png,
 id=286, 607.26875pt x 480.79625pt>
File: ../regression/OpenParEM3D/antenna/dipole_study/screenshots/dipole_pattern
.png Graphic file (type png)
<use ../regression/OpenParEM3D/antenna/dipole_study/screenshots/dipole_pattern.
png>
Package pdftex.def Info: ../regression/OpenParEM3D/antenna/dipole_study/screens
hots/dipole_pattern.png  used on input line 1199.
(pdftex.def)             Requested size: 155.02pt x 122.7298pt.
<../regression/OpenParEM3D/antenna/dipole_study/screenshots/dipole_pattern_clip
.png, id=287, 519.9425pt x 428.60126pt>
File: ../regression/OpenParEM3D/antenna/dipole_study/screenshots/dipole_pattern
_clip.png Graphic file (type png)
<use ../regression/OpenParEM3D/antenna/dipole_study/screenshots/dipole_pattern_
clip.png>
Package pdftex.def Info: ../regression/OpenParEM3D/antenna/dipole_study/screens
hots/dipole_pattern_clip.png  used on input line 1203.
(pdftex.def)             Requested size: 155.02pt x 127.7835pt.
<../regression/OpenParEM3D/antenna/dipole_study/screenshots/dipole_slice.png, i
d=288, 904.37875pt x 601.24625pt>
File: ../regression/OpenParEM3D/antenna/dipole_study/screenshots/dipole_slice.p
ng Graphic file (type png)
<use ../regression/OpenParEM3D/antenna/dipole_study/screenshots/dipole_slice.pn
g>
Package pdftex.def Info: ../regression/OpenParEM3D/antenna/dipole_study/screens
hots/dipole_slice.png  used on input line 1212.
(pdftex.def)             Requested size: 375.80544pt x 249.83363pt.

[37 <../regression/OpenParEM3D/antenna/dipole_study/screenshots/dipole_gain.png
> <../regression/OpenParEM3D/antenna/dipole_study/screenshots/dipole_pattern.pn
g> <../regression/OpenParEM3D/antenna/dipole_study/screenshots/dipole_pattern_c
lip.png>]
<../regression/OpenParEM3D/antenna/patch_study/screenshots/patch.png, id=297, 9
60.58875pt x 510.90875pt>
File: ../regression/OpenParEM3D/antenna/patch_study/screenshots/patch.png Graph
ic file (type png)
<use ../regression/OpenParEM3D/antenna/patch_study/screenshots/patch.png>
Package pdftex.def Info: ../regression/OpenParEM3D/antenna/patch_study/screensh
ots/patch.png  used on input line 1223.
(pdftex.def)             Requested size: 328.82707pt x 174.89163pt.
<../regression/OpenParEM3D/antenna/patch_study/screenshots/patch_with_feed.png,
 id=298, 983.675pt x 502.87875pt>
File: ../regression/OpenParEM3D/antenna/patch_study/screenshots/patch_with_feed
.png Graphic file (type png)
<use ../regression/OpenParEM3D/antenna/patch_study/screenshots/patch_with_feed.
png>
Package pdftex.def Info: ../regression/OpenParEM3D/antenna/patch_study/screensh
ots/patch_with_feed.png  used on input line 1231.
(pdftex.def)             Requested size: 225.4804pt x 115.26834pt.
<../regression/OpenParEM3D/antenna/patch_study/screenshots/patch_boxed.png, id=
299, 650.43pt x 619.31375pt>
File: ../regression/OpenParEM3D/antenna/patch_study/screenshots/patch_boxed.png
 Graphic file (type png)
<use ../regression/OpenParEM3D/antenna/patch_study/screenshots/patch_boxed.png>

Package pdftex.def Info: ../regression/OpenParEM3D/antenna/patch_study/screensh
ots/patch_boxed.png  used on input line 1235.
(pdftex.def)             Requested size: 225.4804pt x 214.69351pt.
 [38 <../regression/OpenParEM3D/antenna/dipole_study/screenshots/dipole_slice.p
ng> <../regression/OpenParEM3D/antenna/patch_study/screenshots/patch.png>]
<../regression/OpenParEM3D/antenna/patch_study/screenshots/patch_3D_gain.png, i
d=305, 601.24625pt x 559.08875pt>
File: ../regression/OpenParEM3D/antenna/patch_study/screenshots/patch_3D_gain.p
ng Graphic file (type png)
<use ../regression/OpenParEM3D/antenna/patch_study/screenshots/patch_3D_gain.pn
g>
Package pdftex.def Info: ../regression/OpenParEM3D/antenna/patch_study/screensh
ots/patch_3D_gain.png  used on input line 1249.
(pdftex.def)             Requested size: 140.92793pt x 131.04463pt.
<../regression/OpenParEM3D/antenna/patch_study/screenshots/patch_3D_gain_back_l
obes.png, id=306, 581.17125pt x 581.17125pt>
File: ../regression/OpenParEM3D/antenna/patch_study/screenshots/patch_3D_gain_b
ack_lobes.png Graphic file (type png)
<use ../regression/OpenParEM3D/antenna/patch_study/screenshots/patch_3D_gain_ba
ck_lobes.png>
Package pdftex.def Info: ../regression/OpenParEM3D/antenna/patch_study/screensh
ots/patch_3D_gain_back_lobes.png  used on input line 1253.
(pdftex.def)             Requested size: 140.92793pt x 140.92941pt.
<../regression/OpenParEM3D/antenna/patch_study/screenshots/patch_3D_3dB.png, id
=307, 655.44875pt x 551.05875pt>
File: ../regression/OpenParEM3D/antenna/patch_study/screenshots/patch_3D_3dB.pn
g Graphic file (type png)
<use ../regression/OpenParEM3D/antenna/patch_study/screenshots/patch_3D_3dB.png
>
Package pdftex.def Info: ../regression/OpenParEM3D/antenna/patch_study/screensh
ots/patch_3D_3dB.png  used on input line 1257.
(pdftex.def)             Requested size: 140.92793pt x 118.48372pt.
<../regression/OpenParEM3D/antenna/patch_study/screenshots/patch_S11.png, id=30
8, 1247.66125pt x 698.61pt>
File: ../regression/OpenParEM3D/antenna/patch_study/screenshots/patch_S11.png G
raphic file (type png)
<use ../regression/OpenParEM3D/antenna/patch_study/screenshots/patch_S11.png>
Package pdftex.def Info: ../regression/OpenParEM3D/antenna/patch_study/screensh
ots/patch_S11.png  used on input line 1268.
(pdftex.def)             Requested size: 281.85587pt x 157.82005pt.
 [39 <../regression/OpenParEM3D/antenna/patch_study/screenshots/patch_with_feed
.png> <../regression/OpenParEM3D/antenna/patch_study/screenshots/patch_boxed.pn
g> <../regression/OpenParEM3D/antenna/patch_study/screenshots/patch_3D_gain.png
> <../regression/OpenParEM3D/antenna/patch_study/screenshots/patch_3D_gain_back
_lobes.png> <../regression/OpenParEM3D/antenna/patch_study/screenshots/patch_3D
_3dB.png>]
<../regression/OpenParEM3D/antenna/patch_study/screenshots/patch_impedance.png,
 id=318, 1200.485pt x 556.0775pt>
File: ../regression/OpenParEM3D/antenna/patch_study/screenshots/patch_impedance
.png Graphic file (type png)
<use ../regression/OpenParEM3D/antenna/patch_study/screenshots/patch_impedance.
png>
Package pdftex.def Info: ../regression/OpenParEM3D/antenna/patch_study/screensh
ots/patch_impedance.png  used on input line 1277.
(pdftex.def)             Requested size: 281.85587pt x 130.55943pt.
<../regression/OpenParEM3D/antenna/patch_study/screenshots/patch_gain.png, id=3
19, 1238.6275pt x 702.625pt>
File: ../regression/OpenParEM3D/antenna/patch_study/screenshots/patch_gain.png 
Graphic file (type png)
<use ../regression/OpenParEM3D/antenna/patch_study/screenshots/patch_gain.png>
Package pdftex.def Info: ../regression/OpenParEM3D/antenna/patch_study/screensh
ots/patch_gain.png  used on input line 1286.
(pdftex.def)             Requested size: 328.82707pt x 186.52708pt.
 [40 <../regression/OpenParEM3D/antenna/patch_study/screenshots/patch_S11.png> 
<../regression/OpenParEM3D/antenna/patch_study/screenshots/patch_impedance.png>
 <../regression/OpenParEM3D/antenna/patch_study/screenshots/patch_gain.png>]
<../regression/OpenParEM3D/antenna/patch_study/screenshots/patch_xz_pattern.png
, id=326, 1125.20375pt x 733.74126pt>
File: ../regression/OpenParEM3D/antenna/patch_study/screenshots/patch_xz_patter
n.png Graphic file (type png)
<use ../regression/OpenParEM3D/antenna/patch_study/screenshots/patch_xz_pattern
.png>
Package pdftex.def Info: ../regression/OpenParEM3D/antenna/patch_study/screensh
ots/patch_xz_pattern.png  used on input line 1295.
(pdftex.def)             Requested size: 328.82707pt x 214.42532pt.
 [41 <../regression/OpenParEM3D/antenna/patch_study/screenshots/patch_xz_patter
n.png>] [42] (./OpenParEM3D_Theory_Methodology_Accuracy.aux) ) 
Here is how much of TeX's memory you used:
 7645 strings out of 480171
 168114 string characters out of 5894489
 428223 words of memory out of 5000000
 25424 multiletter control sequences out of 15000+600000
 480789 words of font info for 72 fonts, out of 8000000 for 9000
 60 hyphenation exceptions out of 8191
 70i,14n,77p,1297b,533s stack positions out of 5000i,500n,10000p,200000b,80000s
 </home/briany/.t
exlive2021/texmf-var/fonts/pk/ljfour/jknappen/ec/tcrm1000.600pk></usr/share/tex
live/texmf-dist/fonts/type1/public/amsfonts/cm/cmbx10.pfb></usr/share/texlive/t
exmf-dist/fonts/type1/public/amsfonts/cm/cmbx12.pfb></usr/share/texlive/texmf-d
ist/fonts/type1/public/amsfonts/cm/cmex10.pfb></usr/share/texlive/texmf-dist/fo
nts/type1/public/amsfonts/cm/cmmi10.pfb></usr/share/texlive/texmf-dist/fonts/ty
pe1/public/amsfonts/cm/cmmi12.pfb></usr/share/texlive/texmf-dist/fonts/type1/pu
blic/amsfonts/cm/cmmi5.pfb></usr/share/texlive/texmf-dist/fonts/type1/public/am
sfonts/cm/cmmi6.pfb></usr/share/texlive/texmf-dist/fonts/type1/public/amsfonts/
cm/cmmi7.pfb></usr/share/texlive/texmf-dist/fonts/type1/public/amsfonts/cm/cmmi
8.pfb></usr/share/texlive/texmf-dist/fonts/type1/public/amsfonts/cm/cmmi9.pfb><
/usr/share/texlive/texmf-dist/fonts/type1/public/amsfonts/cm/cmr10.pfb></usr/sh
are/texlive/texmf-dist/fonts/type1/public/amsfonts/cm/cmr12.pfb></usr/share/tex
live/texmf-dist/fonts/type1/public/amsfonts/cm/cmr5.pfb></usr/share/texlive/tex
mf-dist/fonts/type1/public/amsfonts/cm/cmr6.pfb></usr/share/texlive/texmf-dist/
fonts/type1/public/amsfonts/cm/cmr7.pfb></usr/share/texlive/texmf-dist/fonts/ty
pe1/public/amsfonts/cm/cmr8.pfb></usr/share/texlive/texmf-dist/fonts/type1/publ
ic/amsfonts/cm/cmr9.pfb></usr/share/texlive/texmf-dist/fonts/type1/public/amsfo
nts/cm/cmsy10.pfb></usr/share/texlive/texmf-dist/fonts/type1/public/amsfonts/cm
/cmsy5.pfb></usr/share/texlive/texmf-dist/fonts/type1/public/amsfonts/cm/cmsy7.
pfb></usr/share/texlive/texmf-dist/fonts/type1/public/amsfonts/cm/cmsy8.pfb></u
sr/share/texlive/texmf-dist/fonts/type1/public/amsfonts/cm/cmti10.pfb></usr/sha
re/texlive/texmf-dist/fonts/type1/public/amsfonts/cm/cmti9.pfb></usr/share/texl
ive/texmf-dist/fonts/type1/public/amsfonts/cm/cmtt10.pfb>
Output written on OpenParEM3D_Theory_Methodology_Accuracy.pdf (43 pages, 589292
9 bytes).
PDF statistics:
 440 PDF objects out of 1000 (max. 8388607)
 196 compressed objects within 2 object streams
 0 named destinations out of 1000 (max. 500000)
 346 words of extra memory for PDF output out of 10000 (max. 10000000)

