This is pdfTeX, Version 3.141592653-2.6-1.40.22 (TeX Live 2022/dev/Debian) (preloaded format=pdflatex 2026.2.19)  9 AUG 2026 11:36
entering extended mode
 restricted \write18 enabled.
 %&-line parsing enabled.
**OpenParEM3D_Users_Manual.tex
(./OpenParEM3D_Users_Manual.tex
LaTeX2e <2021-11-15> patch level 1
L3 programming layer <2022-01-21>
(/usr/share/texlive/texmf-dist/tex/latex/base/article.cls
Document Class: article 2021/10/04 v1.4n Standard LaTeX document class
(/usr/share/texlive/texmf-dist/tex/latex/base/size10.clo
File: size10.clo 2021/10/04 v1.4n Standard LaTeX file (size option)
)
\c@part=\count185
\c@section=\count186
\c@subsection=\count187
\c@subsubsection=\count188
\c@paragraph=\count189
\c@subparagraph=\count190
\c@figure=\count191
\c@table=\count192
\abovecaptionskip=\skip47
\belowcaptionskip=\skip48
\bibindent=\dimen138
)
(/usr/share/texlive/texmf-dist/tex/latex/amsmath/amsmath.sty
Package: amsmath 2021/10/15 v2.17l AMS math features
\@mathmargin=\skip49

For additional information on amsmath, use the `?' option.
(/usr/share/texlive/texmf-dist/tex/latex/amsmath/amstext.sty
Package: amstext 2021/08/26 v2.01 AMS text

(/usr/share/texlive/texmf-dist/tex/latex/amsmath/amsgen.sty
File: amsgen.sty 1999/11/30 v2.0 generic functions
\@emptytoks=\toks16
\ex@=\dimen139
))
(/usr/share/texlive/texmf-dist/tex/latex/amsmath/amsbsy.sty
Package: amsbsy 1999/11/29 v1.2d Bold Symbols
\pmbraise@=\dimen140
)
(/usr/share/texlive/texmf-dist/tex/latex/amsmath/amsopn.sty
Package: amsopn 2021/08/26 v2.02 operator names
)
\inf@bad=\count193
LaTeX Info: Redefining \frac on input line 234.
\uproot@=\count194
\leftroot@=\count195
LaTeX Info: Redefining \overline on input line 399.
\classnum@=\count196
\DOTSCASE@=\count197
LaTeX Info: Redefining \ldots on input line 496.
LaTeX Info: Redefining \dots on input line 499.
LaTeX Info: Redefining \cdots on input line 620.
\Mathstrutbox@=\box50
\strutbox@=\box51
\big@size=\dimen141
LaTeX Font Info:    Redeclaring font encoding OML on input line 743.
LaTeX Font Info:    Redeclaring font encoding OMS on input line 744.
\macc@depth=\count198
\c@MaxMatrixCols=\count199
\dotsspace@=\muskip16
\c@parentequation=\count266
\dspbrk@lvl=\count267
\tag@help=\toks17
\row@=\count268
\column@=\count269
\maxfields@=\count270
\andhelp@=\toks18
\eqnshift@=\dimen142
\alignsep@=\dimen143
\tagshift@=\dimen144
\tagwidth@=\dimen145
\totwidth@=\dimen146
\lineht@=\dimen147
\@envbody=\toks19
\multlinegap=\skip50
\multlinetaggap=\skip51
\mathdisplay@stack=\toks20
LaTeX Info: Redefining \[ on input line 2938.
LaTeX Info: Redefining \] on input line 2939.
)
(/usr/share/texlive/texmf-dist/tex/latex/amsfonts/amssymb.sty
Package: amssymb 2013/01/14 v3.01 AMS font symbols

(/usr/share/texlive/texmf-dist/tex/latex/amsfonts/amsfonts.sty
Package: amsfonts 2013/01/14 v3.01 Basic AMSFonts support
\symAMSa=\mathgroup4
\symAMSb=\mathgroup5
LaTeX Font Info:    Redeclaring math symbol \hbar on input line 98.
LaTeX Font Info:    Overwriting math alphabet `\mathfrak' in version `bold'
(Font)                  U/euf/m/n --> U/euf/b/n on input line 106.
))
(/usr/share/texlive/texmf-dist/tex/latex/tools/indentfirst.sty
Package: indentfirst 1995/11/23 v1.03 Indent first paragraph (DPC)
)
(/usr/share/texlive/texmf-dist/tex/latex/geometry/geometry.sty
Package: geometry 2020/01/02 v5.9 Page Geometry

(/usr/share/texlive/texmf-dist/tex/latex/graphics/keyval.sty
Package: keyval 2014/10/28 v1.15 key=value parser (DPC)
\KV@toks@=\toks21
)
(/usr/share/texlive/texmf-dist/tex/generic/iftex/ifvtex.sty
Package: ifvtex 2019/10/25 v1.7 ifvtex legacy package. Use iftex instead.

(/usr/share/texlive/texmf-dist/tex/generic/iftex/iftex.sty
Package: iftex 2020/03/06 v1.0d TeX engine tests
))
\Gm@cnth=\count271
\Gm@cntv=\count272
\c@Gm@tempcnt=\count273
\Gm@bindingoffset=\dimen148
\Gm@wd@mp=\dimen149
\Gm@odd@mp=\dimen150
\Gm@even@mp=\dimen151
\Gm@layoutwidth=\dimen152
\Gm@layoutheight=\dimen153
\Gm@layouthoffset=\dimen154
\Gm@layoutvoffset=\dimen155
\Gm@dimlist=\toks22
)
(/usr/share/texlive/texmf-dist/tex/latex/tools/longtable.sty
Package: longtable 2021-09-01 v4.17 Multi-page Table package (DPC)
\LTleft=\skip52
\LTright=\skip53
\LTpre=\skip54
\LTpost=\skip55
\LTchunksize=\count274
\LTcapwidth=\dimen156
\LT@head=\box52
\LT@firsthead=\box53
\LT@foot=\box54
\LT@lastfoot=\box55
\LT@gbox=\box56
\LT@cols=\count275
\LT@rows=\count276
\c@LT@tables=\count277
\c@LT@chunks=\count278
\LT@p@ftn=\toks23
) (./enumitem.sty
Package: enumitem 2019/06/20 v3.9 Customized lists
\labelindent=\skip56
\enit@outerparindent=\dimen157
\enit@toks=\toks24
\enit@inbox=\box57
\enit@count@id=\count279
\enitdp@description=\count280
)
(/usr/share/texlive/texmf-dist/tex/latex/fancyvrb/fancyvrb.sty
Package: fancyvrb 2021/12/21 4.1b verbatim text (tvz,hv)
\FV@CodeLineNo=\count281
\FV@InFile=\read2
\FV@TabBox=\box58
\c@FancyVerbLine=\count282
\FV@StepNumber=\count283
\FV@OutFile=\write3
)
(/usr/share/texlive/texmf-dist/tex/latex/pdfpages/pdfpages.sty
Package: pdfpages 2022/01/29 v0.5u Insert pages of external PDF documents (AM)

(/usr/share/texlive/texmf-dist/tex/latex/base/ifthen.sty
Package: ifthen 2020/11/24 v1.1c Standard LaTeX ifthen package (DPC)
)
(/usr/share/texlive/texmf-dist/tex/latex/tools/calc.sty
Package: calc 2017/05/25 v4.3 Infix arithmetic (KKT,FJ)
\calc@Acount=\count284
\calc@Bcount=\count285
\calc@Adimen=\dimen158
\calc@Bdimen=\dimen159
\calc@Askip=\skip57
\calc@Bskip=\skip58
LaTeX Info: Redefining \setlength on input line 80.
LaTeX Info: Redefining \addtolength on input line 81.
\calc@Ccount=\count286
\calc@Cskip=\skip59
)
(/usr/share/texlive/texmf-dist/tex/latex/eso-pic/eso-pic.sty
Package: eso-pic 2020/10/14 v3.0a eso-pic (RN)
\ESO@tempdima=\dimen160
\ESO@tempdimb=\dimen161

(/usr/share/texlive/texmf-dist/tex/latex/xcolor/xcolor.sty
Package: xcolor 2021/10/31 v2.13 LaTeX color extensions (UK)

(/usr/share/texlive/texmf-dist/tex/latex/graphics-cfg/color.cfg
File: color.cfg 2016/01/02 v1.6 sample color configuration
)
Package xcolor Info: Driver file: pdftex.def on input line 227.

(/usr/share/texlive/texmf-dist/tex/latex/graphics-def/pdftex.def
File: pdftex.def 2020/10/05 v1.2a Graphics/color driver for pdftex
)
Package xcolor Info: Model `cmy' substituted by `cmy0' on input line 1352.
Package xcolor Info: Model `hsb' substituted by `rgb' on input line 1356.
Package xcolor Info: Model `RGB' extended on input line 1368.
Package xcolor Info: Model `HTML' substituted by `rgb' on input line 1370.
Package xcolor Info: Model `Hsb' substituted by `hsb' on input line 1371.
Package xcolor Info: Model `tHsb' substituted by `hsb' on input line 1372.
Package xcolor Info: Model `HSB' substituted by `hsb' on input line 1373.
Package xcolor Info: Model `Gray' substituted by `gray' on input line 1374.
Package xcolor Info: Model `wave' substituted by `hsb' on input line 1375.
))
(/usr/share/texlive/texmf-dist/tex/latex/graphics/graphicx.sty
Package: graphicx 2021/09/16 v1.2d Enhanced LaTeX Graphics (DPC,SPQR)

(/usr/share/texlive/texmf-dist/tex/latex/graphics/graphics.sty
Package: graphics 2021/03/04 v1.4d Standard LaTeX Graphics (DPC,SPQR)

(/usr/share/texlive/texmf-dist/tex/latex/graphics/trig.sty
Package: trig 2021/08/11 v1.11 sin cos tan (DPC)
)
(/usr/share/texlive/texmf-dist/tex/latex/graphics-cfg/graphics.cfg
File: graphics.cfg 2016/06/04 v1.11 sample graphics configuration
)
Package graphics Info: Driver file: pdftex.def on input line 107.
)
\Gin@req@height=\dimen162
\Gin@req@width=\dimen163
)
\AM@pagewidth=\dimen164
\AM@pageheight=\dimen165
\AM@fboxrule=\dimen166

(/usr/share/texlive/texmf-dist/tex/latex/pdfpages/pppdftex.def
File: pppdftex.def 2022/01/29 v0.5u Pdfpages driver for pdfTeX (AM)
)
\pdfpages@includegraphics@status=\count287
\AM@pagebox=\box59
\AM@global@opts=\toks25
\AM@pagecnt=\count288
\AM@toc@title=\toks26
\c@AM@survey=\count289
\AM@templatesizebox=\box60
)
(/usr/share/texlive/texmf-dist/tex/latex/caption/subcaption.sty
Package: subcaption 2020/10/07 v1.3j Sub-captions (AR)

(/usr/share/texlive/texmf-dist/tex/latex/caption/caption.sty
Package: caption 2020/10/26 v3.5g Customizing captions (AR)

(/usr/share/texlive/texmf-dist/tex/latex/caption/caption3.sty
Package: caption3 2020/10/21 v2.2e caption3 kernel (AR)
\captionmargin=\dimen167
\captionmargin@=\dimen168
\captionwidth=\dimen169
\caption@tempdima=\dimen170
\caption@indent=\dimen171
\caption@parindent=\dimen172
\caption@hangindent=\dimen173
Package caption Info: Standard document class detected.
)
\c@caption@flags=\count290
\c@continuedfloat=\count291
Package caption Info: longtable package is loaded.

(/usr/share/texlive/texmf-dist/tex/latex/caption/ltcaption.sty
Package: ltcaption 2020/05/30 v1.4b longtable captions (AR)
))
\c@subfigure=\count292
\c@subtable=\count293
)
(/usr/share/texlive/texmf-dist/tex/latex/base/flafter.sty
Package: flafter 2021/07/31 v1.4e Standard LaTeX floats after reference (FMi)
Applying: [2015/01/01] float order in 2-column on input line 49.
Already applied: [0000/00/00] float order in 2-column on input line 151.
) (./placeins.sty
Package: placeins 2005/04/18  v 2.2
)
(/usr/share/texlive/texmf-dist/tex/latex/float/float.sty
Package: float 2001/11/08 v1.3d Float enhancements (AL)
\c@float@type=\count294
\float@exts=\toks27
\float@box=\box61
\@float@everytoks=\toks28
\@floatcapt=\box62
)
(/usr/share/texlive/texmf-dist/tex/latex/l3backend/l3backend-pdftex.def
File: l3backend-pdftex.def 2022-01-12 L3 backend support: PDF output (pdfTeX)
\l__color_backend_stack_int=\count295
\l__pdf_internal_box=\box63
)
(./OpenParEM3D_Users_Manual.aux)
\openout1 = `OpenParEM3D_Users_Manual.aux'.

LaTeX Font Info:    Checking defaults for OML/cmm/m/it on input line 18.
LaTeX Font Info:    ... okay on input line 18.
LaTeX Font Info:    Checking defaults for OMS/cmsy/m/n on input line 18.
LaTeX Font Info:    ... okay on input line 18.
LaTeX Font Info:    Checking defaults for OT1/cmr/m/n on input line 18.
LaTeX Font Info:    ... okay on input line 18.
LaTeX Font Info:    Checking defaults for T1/cmr/m/n on input line 18.
LaTeX Font Info:    ... okay on input line 18.
LaTeX Font Info:    Checking defaults for TS1/cmr/m/n on input line 18.
LaTeX Font Info:    ... okay on input line 18.
LaTeX Font Info:    Checking defaults for OMX/cmex/m/n on input line 18.
LaTeX Font Info:    ... okay on input line 18.
LaTeX Font Info:    Checking defaults for U/cmr/m/n on input line 18.
LaTeX Font Info:    ... okay on input line 18.

*geometry* driver: auto-detecting
*geometry* detected driver: pdftex
*geometry* verbose mode - [ preamble ] result:
* driver: pdftex
* paper: <default>
* layout: <same size as paper>
* layoutoffset:(h,v)=(0.0pt,0.0pt)
* modes: 
* h-part:(L,W,R)=(72.26999pt, 469.75502pt, 72.26999pt)
* v-part:(T,H,B)=(72.26999pt, 650.43001pt, 72.26999pt)
* \paperwidth=614.295pt
* \paperheight=794.96999pt
* \textwidth=469.75502pt
* \textheight=650.43001pt
* \oddsidemargin=0.0pt
* \evensidemargin=0.0pt
* \topmargin=-37.0pt
* \headheight=12.0pt
* \headsep=25.0pt
* \topskip=10.0pt
* \footskip=30.0pt
* \marginparwidth=65.0pt
* \marginparsep=11.0pt
* \columnsep=10.0pt
* \skip\footins=9.0pt plus 4.0pt minus 2.0pt
* \hoffset=0.0pt
* \voffset=0.0pt
* \mag=1000
* \@twocolumnfalse
* \@twosidefalse
* \@mparswitchfalse
* \@reversemarginfalse
* (1in=72.27pt=25.4mm, 1cm=28.453pt)

(/usr/share/texlive/texmf-dist/tex/context/base/mkii/supp-pdf.mkii
[Loading MPS to PDF converter (version 2006.09.02).]
\scratchcounter=\count296
\scratchdimen=\dimen174
\scratchbox=\box64
\nofMPsegments=\count297
\nofMParguments=\count298
\everyMPshowfont=\toks29
\MPscratchCnt=\count299
\MPscratchDim=\dimen175
\MPnumerator=\count300
\makeMPintoPDFobject=\count301
\everyMPtoPDFconversion=\toks30
) (/usr/share/texlive/texmf-dist/tex/latex/epstopdf-pkg/epstopdf-base.sty
Package: epstopdf-base 2020-01-24 v2.11 Base part for package epstopdf
Package epstopdf-base Info: Redefining graphics rule for `.eps' on input line 4
85.

(/usr/share/texlive/texmf-dist/tex/latex/latexconfig/epstopdf-sys.cfg
File: epstopdf-sys.cfg 2010/07/13 v1.3 Configuration of (r)epstopdf for TeX Liv
e
))
(/usr/share/texlive/texmf-dist/tex/latex/pdflscape/pdflscape.sty
Package: pdflscape 2019/12/05 v0.12 Display of landscape pages in PDF (HO)

(/usr/share/texlive/texmf-dist/tex/latex/graphics/lscape.sty
Package: lscape 2020/05/28 v3.02 Landscape Pages (DPC)
)
Package pdflscape Info: Auto-detected driver: pdftex on input line 81.
)
Package caption Info: Begin \AtBeginDocument code.
Package caption Info: float package is loaded.
Package caption Info: End \AtBeginDocument code.
<figures/logo-crop.pdf, id=1, 44.165pt x 43.16125pt>
File: figures/logo-crop.pdf Graphic file (type pdf)
<use figures/logo-crop.pdf>
Package pdftex.def Info: figures/logo-crop.pdf  used on input line 34.
(pdftex.def)             Requested size: 234.8775pt x 229.58395pt.
 [1

{/var/lib/texmf/fonts/map/pdftex/updmap/pdftex.map} <./figures/logo-crop.pdf>]
(./OpenParEM3D_Users_Manual.toc
LaTeX Font Info:    Trying to load font information for U+msa on input line 6.

(/usr/share/texlive/texmf-dist/tex/latex/amsfonts/umsa.fd
File: umsa.fd 2013/01/14 v3.01 AMS symbols A
)
LaTeX Font Info:    Trying to load font information for U+msb on input line 6.

(/usr/share/texlive/texmf-dist/tex/latex/amsfonts/umsb.fd
File: umsb.fd 2013/01/14 v3.01 AMS symbols B
) [1])
\tf@toc=\write4
\openout4 = `OpenParEM3D_Users_Manual.toc'.

 [2] [3]
[4] [5] [6] [7] [8] [9] [10] [11] [12] [13]
<figures/multimode-crop.pdf, id=65, 273.02pt x 111.41624pt>
File: figures/multimode-crop.pdf Graphic file (type pdf)
<use figures/multimode-crop.pdf>
Package pdftex.def Info: figures/multimode-crop.pdf  used on input line 515.
(pdftex.def)             Requested size: 273.01933pt x 111.41597pt.
 [14 <./figures/multimode-crop.pdf>] [15] [16] [17]
Underfull \hbox (badness 10000) in paragraph at lines 650--651

 []


Underfull \hbox (badness 10000) in paragraph at lines 652--653

 []


Underfull \hbox (badness 10000) in paragraph at lines 660--661

 []


Underfull \hbox (badness 10000) in paragraph at lines 662--663

 []

[18]
Overfull \hbox (2.49841pt too wide) in paragraph at lines 701--702
[]\OT1/cmr/m/n/10 Computed an-tenna pa-ram-e-ters are saved to a csv file with 
the name \OT1/cmtt/m/n/10 projectname[]FarField[]results.csv\OT1/cmr/m/n/10 .
 []

[19]
<../tutorials/OpenParEM3D/rectangular_waveguide/freecad/screenshots/rectangle.p
ng, id=100, 1394.20876pt x 1066.98625pt>
File: ../tutorials/OpenParEM3D/rectangular_waveguide/freecad/screenshots/rectan
gle.png Graphic file (type png)
<use ../tutorials/OpenParEM3D/rectangular_waveguide/freecad/screenshots/rectang
le.png>
Package pdftex.def Info: ../tutorials/OpenParEM3D/rectangular_waveguide/freecad
/screenshots/rectangle.png  used on input line 730.
(pdftex.def)             Requested size: 352.31625pt x 269.62762pt.
<../tutorials/OpenParEM3D/rectangular_waveguide/freecad/screenshots/extrusion.p
ng, id=102, 1394.20876pt x 1066.98625pt>
File: ../tutorials/OpenParEM3D/rectangular_waveguide/freecad/screenshots/extrus
ion.png Graphic file (type png)
<use ../tutorials/OpenParEM3D/rectangular_waveguide/freecad/screenshots/extrusi
on.png>
Package pdftex.def Info: ../tutorials/OpenParEM3D/rectangular_waveguide/freecad
/screenshots/extrusion.png  used on input line 740.
(pdftex.def)             Requested size: 352.31625pt x 269.62762pt.
 [20] [21 <../tutorials/OpenParEM3D/rectangular_waveguide/freecad/screenshots/r
ectangle.png> <../tutorials/OpenParEM3D/rectangular_waveguide/freecad/screensho
ts/extrusion.png>]
<../tutorials/OpenParEM3D/rectangular_waveguide/freecad/screenshots/portout-cro
p.pdf, id=111, 558.085pt x 427.5975pt>
File: ../tutorials/OpenParEM3D/rectangular_waveguide/freecad/screenshots/portou
t-crop.pdf Graphic file (type pdf)
<use ../tutorials/OpenParEM3D/rectangular_waveguide/freecad/screenshots/portout
-crop.pdf>
Package pdftex.def Info: ../tutorials/OpenParEM3D/rectangular_waveguide/freecad
/screenshots/portout-crop.pdf  used on input line 750.
(pdftex.def)             Requested size: 352.31625pt x 269.94896pt.
<../tutorials/OpenParEM3D/rectangular_waveguide/freecad/screenshots/hover.png, 
id=112, 1394.20876pt x 1066.98625pt>
File: ../tutorials/OpenParEM3D/rectangular_waveguide/freecad/screenshots/hover.
png Graphic file (type png)
<use ../tutorials/OpenParEM3D/rectangular_waveguide/freecad/screenshots/hover.p
ng>
Package pdftex.def Info: ../tutorials/OpenParEM3D/rectangular_waveguide/freecad
/screenshots/hover.png  used on input line 758.
(pdftex.def)             Requested size: 352.31625pt x 269.62762pt.
<../tutorials/OpenParEM3D/rectangular_waveguide/freecad/screenshots/lock-crop.p
df, id=113, 558.085pt x 427.5975pt>
File: ../tutorials/OpenParEM3D/rectangular_waveguide/freecad/screenshots/lock-c
rop.pdf Graphic file (type pdf)
<use ../tutorials/OpenParEM3D/rectangular_waveguide/freecad/screenshots/lock-cr
op.pdf>
Package pdftex.def Info: ../tutorials/OpenParEM3D/rectangular_waveguide/freecad
/screenshots/lock-crop.pdf  used on input line 765.
(pdftex.def)             Requested size: 352.31625pt x 269.94896pt.
LaTeX Font Info:    Trying to load font information for OMS+cmtt on input line 
771.
LaTeX Font Info:    No file OMScmtt.fd. on input line 771.


LaTeX Font Warning: Font shape `OMS/cmtt/m/n' undefined
(Font)              using `OMS/cmsy/m/n' instead
(Font)              for symbol `textbraceleft' on input line 771.

<../tutorials/OpenParEM3D/rectangular_waveguide/freecad/screenshots/drawing_fin
ished.png, id=114, 1394.20876pt x 1066.98625pt>
File: ../tutorials/OpenParEM3D/rectangular_waveguide/freecad/screenshots/drawin
g_finished.png Graphic file (type png)
<use ../tutorials/OpenParEM3D/rectangular_waveguide/freecad/screenshots/drawing
_finished.png>
Package pdftex.def Info: ../tutorials/OpenParEM3D/rectangular_waveguide/freecad
/screenshots/drawing_finished.png  used on input line 781.
(pdftex.def)             Requested size: 352.31625pt x 269.62762pt.
[22] [23 <../tutorials/OpenParEM3D/rectangular_waveguide/freecad/screenshots/po
rtout-crop.pdf> <../tutorials/OpenParEM3D/rectangular_waveguide/freecad/screens
hots/hover.png>] [24 <../tutorials/OpenParEM3D/rectangular_waveguide/freecad/sc
reenshots/lock-crop.pdf> <../tutorials/OpenParEM3D/rectangular_waveguide/freeca
d/screenshots/drawing_finished.png>]
<../tutorials/OpenParEM3D/rectangular_waveguide/freecad/screenshots/mesh.png, i
d=155, 1755.55875pt x 1209.51875pt>
File: ../tutorials/OpenParEM3D/rectangular_waveguide/freecad/screenshots/mesh.p
ng Graphic file (type png)
<use ../tutorials/OpenParEM3D/rectangular_waveguide/freecad/screenshots/mesh.pn
g>
Package pdftex.def Info: ../tutorials/OpenParEM3D/rectangular_waveguide/freecad
/screenshots/mesh.png  used on input line 800.
(pdftex.def)             Requested size: 352.31625pt x 242.72997pt.
 [25]
LaTeX Font Info:    Trying to load font information for TS1+cmtt on input line 
867.

(/usr/share/texlive/texmf-dist/tex/latex/base/ts1cmtt.fd
File: ts1cmtt.fd 2019/12/16 v2.5j Standard LaTeX font definitions
) [26 <../tutorials/OpenParEM3D/rectangular_waveguide/freecad/screenshots/mesh.
png>]
<../tutorials/OpenParEM3D/rectangular_waveguide/freecad/screenshots/ReEy.png, i
d=165, 1610.015pt x 1029.8475pt>
File: ../tutorials/OpenParEM3D/rectangular_waveguide/freecad/screenshots/ReEy.p
ng Graphic file (type png)
<use ../tutorials/OpenParEM3D/rectangular_waveguide/freecad/screenshots/ReEy.pn
g>
Package pdftex.def Info: ../tutorials/OpenParEM3D/rectangular_waveguide/freecad
/screenshots/ReEy.png  used on input line 890.
(pdftex.def)             Requested size: 352.31625pt x 225.35716pt.
<../tutorials/OpenParEM3D/rectangular_waveguide/freecad/screenshots/ReE.png, id
=166, 1548.78625pt x 1058.95625pt>
File: ../tutorials/OpenParEM3D/rectangular_waveguide/freecad/screenshots/ReE.pn
g Graphic file (type png)
<use ../tutorials/OpenParEM3D/rectangular_waveguide/freecad/screenshots/ReE.png
>
Package pdftex.def Info: ../tutorials/OpenParEM3D/rectangular_waveguide/freecad
/screenshots/ReE.png  used on input line 904.
(pdftex.def)             Requested size: 342.91914pt x 234.45766pt.
<../tutorials/OpenParEM3D/rectangular_waveguide/freecad/screenshots/ReH.png, id
=167, 1548.78625pt x 1058.95625pt>
File: ../tutorials/OpenParEM3D/rectangular_waveguide/freecad/screenshots/ReH.pn
g Graphic file (type png)
<use ../tutorials/OpenParEM3D/rectangular_waveguide/freecad/screenshots/ReH.png
>
Package pdftex.def Info: ../tutorials/OpenParEM3D/rectangular_waveguide/freecad
/screenshots/ReH.png  used on input line 909.
(pdftex.def)             Requested size: 342.91914pt x 234.45766pt.
 [27 <../tutorials/OpenParEM3D/rectangular_waveguide/freecad/screenshots/ReEy.p
ng>] [28 <../tutorials/OpenParEM3D/rectangular_waveguide/freecad/screenshots/Re
E.png> <../tutorials/OpenParEM3D/rectangular_waveguide/freecad/screenshots/ReH.
png>]
<../tutorials/OpenParEM3D/microstrip_step/freecad/screenshots/microstrip2D.png,
 id=179, 1947.275pt x 1247.66125pt>
File: ../tutorials/OpenParEM3D/microstrip_step/freecad/screenshots/microstrip2D
.png Graphic file (type png)
<use ../tutorials/OpenParEM3D/microstrip_step/freecad/screenshots/microstrip2D.
png>
Package pdftex.def Info: ../tutorials/OpenParEM3D/microstrip_step/freecad/scree
nshots/microstrip2D.png  used on input line 946.
(pdftex.def)             Requested size: 352.31625pt x 225.73064pt.
<../tutorials/OpenParEM3D/microstrip_step/freecad/screenshots/microstrip_extrud
ed.png, id=180, 1947.275pt x 1247.66125pt>
File: ../tutorials/OpenParEM3D/microstrip_step/freecad/screenshots/microstrip_e
xtruded.png Graphic file (type png)
<use ../tutorials/OpenParEM3D/microstrip_step/freecad/screenshots/microstrip_ex
truded.png>
Package pdftex.def Info: ../tutorials/OpenParEM3D/microstrip_step/freecad/scree
nshots/microstrip_extruded.png  used on input line 960.
(pdftex.def)             Requested size: 352.31625pt x 225.73064pt.
 [29]
[30 <../tutorials/OpenParEM3D/microstrip_step/freecad/screenshots/microstrip2D.
png> <../tutorials/OpenParEM3D/microstrip_step/freecad/screenshots/microstrip_e
xtruded.png>]
<../tutorials/OpenParEM3D/microstrip_step/freecad/screenshots/microstrip3D.png,
 id=190, 1507.6325pt x 1247.66125pt>
File: ../tutorials/OpenParEM3D/microstrip_step/freecad/screenshots/microstrip3D
.png Graphic file (type png)
<use ../tutorials/OpenParEM3D/microstrip_step/freecad/screenshots/microstrip3D.
png>
Package pdftex.def Info: ../tutorials/OpenParEM3D/microstrip_step/freecad/scree
nshots/microstrip3D.png  used on input line 979.
(pdftex.def)             Requested size: 352.31625pt x 291.56319pt.
 [31]
<../tutorials/OpenParEM3D/microstrip_step/freecad/screenshots/microstrip_mesh.p
ng, id=194, 1134.2375pt x 758.835pt>
File: ../tutorials/OpenParEM3D/microstrip_step/freecad/screenshots/microstrip_m
esh.png Graphic file (type png)
<use ../tutorials/OpenParEM3D/microstrip_step/freecad/screenshots/microstrip_me
sh.png>
Package pdftex.def Info: ../tutorials/OpenParEM3D/microstrip_step/freecad/scree
nshots/microstrip_mesh.png  used on input line 998.
(pdftex.def)             Requested size: 352.31625pt x 235.71115pt.
 [32 <../tutorials/OpenParEM3D/microstrip_step/freecad/screenshots/microstrip3D
.png>] [33 <../tutorials/OpenParEM3D/microstrip_step/freecad/screenshots/micros
trip_mesh.png>]
LaTeX Font Info:    Trying to load font information for OMS+cmr on input line 1
110.

(/usr/share/texlive/texmf-dist/tex/latex/base/omscmr.fd
File: omscmr.fd 2019/12/16 v2.5j Standard LaTeX font definitions
)
LaTeX Font Info:    Font shape `OMS/cmr/m/n' in size <10> not available
(Font)              Font shape `OMS/cmsy/m/n' tried instead on input line 1110.

 [34]
<../tutorials/OpenParEM3D/microstrip_step/freecad/screenshots/microstrip_ReEy.p
ng, id=207, 2080.77374pt x 1189.44376pt>
File: ../tutorials/OpenParEM3D/microstrip_step/freecad/screenshots/microstrip_R
eEy.png Graphic file (type png)
<use ../tutorials/OpenParEM3D/microstrip_step/freecad/screenshots/microstrip_Re
Ey.png>
Package pdftex.def Info: ../tutorials/OpenParEM3D/microstrip_step/freecad/scree
nshots/microstrip_ReEy.png  used on input line 1119.
(pdftex.def)             Requested size: 352.31625pt x 201.38603pt.
 [35 <../tutorials/OpenParEM3D/microstrip_step/freecad/screenshots/microstrip_R
eEy.png>]
<../tutorials/OpenParEM3D/monopole_antenna/freecad/screenshots/monopole_buildin
g_blocks.png, id=212, 1507.6325pt x 1247.66125pt>
File: ../tutorials/OpenParEM3D/monopole_antenna/freecad/screenshots/monopole_bu
ilding_blocks.png Graphic file (type png)
<use ../tutorials/OpenParEM3D/monopole_antenna/freecad/screenshots/monopole_bui
lding_blocks.png>
Package pdftex.def Info: ../tutorials/OpenParEM3D/monopole_antenna/freecad/scre
enshots/monopole_building_blocks.png  used on input line 1152.
(pdftex.def)             Requested size: 352.31625pt x 291.56319pt.
<../tutorials/OpenParEM3D/monopole_antenna/freecad/screenshots/monopole_zoom.pn
g, id=213, 1507.6325pt x 1247.66125pt>
File: ../tutorials/OpenParEM3D/monopole_antenna/freecad/screenshots/monopole_zo
om.png Graphic file (type png)
<use ../tutorials/OpenParEM3D/monopole_antenna/freecad/screenshots/monopole_zoo
m.png>
Package pdftex.def Info: ../tutorials/OpenParEM3D/monopole_antenna/freecad/scre
enshots/monopole_zoom.png  used on input line 1157.
(pdftex.def)             Requested size: 352.31625pt x 291.56319pt.


LaTeX Warning: Float too large for page by 1.69637pt on input line 1162.

[36] [37 <../tutorials/OpenParEM3D/monopole_antenna/freecad/screenshots/monopol
e_building_blocks.png> <../tutorials/OpenParEM3D/monopole_antenna/freecad/scree
nshots/monopole_zoom.png>] [38]
<../tutorials/OpenParEM3D/monopole_antenna/freecad/screenshots/monopole_mag.png
, id=226, 1013.7875pt x 567.11874pt>
File: ../tutorials/OpenParEM3D/monopole_antenna/freecad/screenshots/monopole_ma
g.png Graphic file (type png)
<use ../tutorials/OpenParEM3D/monopole_antenna/freecad/screenshots/monopole_mag
.png>
Package pdftex.def Info: ../tutorials/OpenParEM3D/monopole_antenna/freecad/scre
enshots/monopole_mag.png  used on input line 1279.
(pdftex.def)             Requested size: 234.8775pt x 131.38644pt.
<../tutorials/OpenParEM3D/monopole_antenna/freecad/screenshots/monopole_phase.p
ng, id=227, 1023.825pt x 566.115pt>
File: ../tutorials/OpenParEM3D/monopole_antenna/freecad/screenshots/monopole_ph
ase.png Graphic file (type png)
<use ../tutorials/OpenParEM3D/monopole_antenna/freecad/screenshots/monopole_pha
se.png>
Package pdftex.def Info: ../tutorials/OpenParEM3D/monopole_antenna/freecad/scre
enshots/monopole_phase.png  used on input line 1284.
(pdftex.def)             Requested size: 234.8775pt x 129.86682pt.
 [39] [40 <../tutorials/OpenParEM3D/monopole_antenna/freecad/screenshots/monopo
le_mag.png> <../tutorials/OpenParEM3D/monopole_antenna/freecad/screenshots/mono
pole_phase.png>]
Overfull \hbox (2.19664pt too wide) in paragraph at lines 1328--1329
[]\OT1/cmr/m/n/10 The com-puted an-tenna met-rics are saved to the file \OT1/cm
tt/m/n/10 monopole[]antenna[]fields[]FarField[]results.csv\OT1/cmr/m/n/10 ,
 []

<../tutorials/OpenParEM3D/monopole_antenna/freecad/screenshots/monopole_3D_gain
.png, id=236, 609.27625pt x 537.00626pt>
File: ../tutorials/OpenParEM3D/monopole_antenna/freecad/screenshots/monopole_3D
_gain.png Graphic file (type png)
<use ../tutorials/OpenParEM3D/monopole_antenna/freecad/screenshots/monopole_3D_
gain.png>
Package pdftex.def Info: ../tutorials/OpenParEM3D/monopole_antenna/freecad/scre
enshots/monopole_3D_gain.png  used on input line 1345.
(pdftex.def)             Requested size: 155.02pt x 136.6275pt.
<../tutorials/OpenParEM3D/monopole_antenna/freecad/screenshots/monopole_3D_gain
_slices.png, id=237, 578.16pt x 530.98375pt>
File: ../tutorials/OpenParEM3D/monopole_antenna/freecad/screenshots/monopole_3D
_gain_slices.png Graphic file (type png)
<use ../tutorials/OpenParEM3D/monopole_antenna/freecad/screenshots/monopole_3D_
gain_slices.png>
Package pdftex.def Info: ../tutorials/OpenParEM3D/monopole_antenna/freecad/scre
enshots/monopole_3D_gain_slices.png  used on input line 1349.
(pdftex.def)             Requested size: 155.02pt x 142.37096pt.
[41 <../tutorials/OpenParEM3D/monopole_antenna/freecad/screenshots/monopole_3D_
gain.png> <../tutorials/OpenParEM3D/monopole_antenna/freecad/screenshots/monopo
le_3D_gain_slices.png>]
<../tutorials/OpenParEM3D/monopole_antenna/freecad/screenshots/radiation_patter
n_G_4.75e+09_xz_0_180_SP1.png, id=243, 956.57375pt x 1237.62375pt>
File: ../tutorials/OpenParEM3D/monopole_antenna/freecad/screenshots/radiation_p
attern_G_4.75e+09_xz_0_180_SP1.png Graphic file (type png)
<use ../tutorials/OpenParEM3D/monopole_antenna/freecad/screenshots/radiation_pa
ttern_G_4.75e+09_xz_0_180_SP1.png>
Package pdftex.def Info: ../tutorials/OpenParEM3D/monopole_antenna/freecad/scre
enshots/radiation_pattern_G_4.75e+09_xz_0_180_SP1.png  used on input line 1366.

(pdftex.def)             Requested size: 191.66228pt x 247.97359pt.
<../tutorials/OpenParEM3D/monopole_antenna/freecad/screenshots/radiation_patter
n_G_4.75e+09_xy_15_0_SP1.png, id=244, 818.05624pt x 1053.9375pt>
File: ../tutorials/OpenParEM3D/monopole_antenna/freecad/screenshots/radiation_p
attern_G_4.75e+09_xy_15_0_SP1.png Graphic file (type png)
<use ../tutorials/OpenParEM3D/monopole_antenna/freecad/screenshots/radiation_pa
ttern_G_4.75e+09_xy_15_0_SP1.png>
Package pdftex.def Info: ../tutorials/OpenParEM3D/monopole_antenna/freecad/scre
enshots/radiation_pattern_G_4.75e+09_xy_15_0_SP1.png  used on input line 1370.
(pdftex.def)             Requested size: 192.60127pt x 248.12564pt.
<../tutorials/OpenParEM3D/monopole_antenna/freecad/screenshots/Eplane_4p75GHz.p
ng, id=245, 767.86874pt x 768.8725pt>
File: ../tutorials/OpenParEM3D/monopole_antenna/freecad/screenshots/Eplane_4p75
GHz.png Graphic file (type png)
<use ../tutorials/OpenParEM3D/monopole_antenna/freecad/screenshots/Eplane_4p75G
Hz.png>
Package pdftex.def Info: ../tutorials/OpenParEM3D/monopole_antenna/freecad/scre
enshots/Eplane_4p75GHz.png  used on input line 1382.
(pdftex.def)             Requested size: 281.85587pt x 282.22581pt.
<../tutorials/OpenParEM3D/monopole_antenna/freecad/screenshots/Eplane_vector_4p
75GHz.png, id=246, 768.8725pt x 771.88374pt>
File: ../tutorials/OpenParEM3D/monopole_antenna/freecad/screenshots/Eplane_vect
or_4p75GHz.png Graphic file (type png)
<use ../tutorials/OpenParEM3D/monopole_antenna/freecad/screenshots/Eplane_vecto
r_4p75GHz.png>
Package pdftex.def Info: ../tutorials/OpenParEM3D/monopole_antenna/freecad/scre
enshots/Eplane_vector_4p75GHz.png  used on input line 1387.
(pdftex.def)             Requested size: 281.85587pt x 282.96602pt.
<../tutorials/OpenParEM3D/monopole_antenna/freecad/screenshots/Hplane_4p75GHz.p
ng, id=247, 779.91376pt x 780.9175pt>
File: ../tutorials/OpenParEM3D/monopole_antenna/freecad/screenshots/Hplane_4p75
GHz.png Graphic file (type png)
<use ../tutorials/OpenParEM3D/monopole_antenna/freecad/screenshots/Hplane_4p75G
Hz.png>
Package pdftex.def Info: ../tutorials/OpenParEM3D/monopole_antenna/freecad/scre
enshots/Hplane_4p75GHz.png  used on input line 1396.
(pdftex.def)             Requested size: 281.85587pt x 282.21442pt.
<../tutorials/OpenParEM3D/monopole_antenna/freecad/screenshots/Hplane_vector_4p
75GHz.png, id=248, 777.90625pt x 776.9025pt>
File: ../tutorials/OpenParEM3D/monopole_antenna/freecad/screenshots/Hplane_vect
or_4p75GHz.png Graphic file (type png)
<use ../tutorials/OpenParEM3D/monopole_antenna/freecad/screenshots/Hplane_vecto
r_4p75GHz.png>
Package pdftex.def Info: ../tutorials/OpenParEM3D/monopole_antenna/freecad/scre
enshots/Hplane_vector_4p75GHz.png  used on input line 1401.
(pdftex.def)             Requested size: 281.85587pt x 281.49843pt.
 [42 <../tutorials/OpenParEM3D/monopole_antenna/freecad/screenshots/radiation_p
attern_G_4.75e+09_xz_0_180_SP1.png> <../tutorials/OpenParEM3D/monopole_antenna/
freecad/screenshots/radiation_pattern_G_4.75e+09_xy_15_0_SP1.png>] [43 <../tuto
rials/OpenParEM3D/monopole_antenna/freecad/screenshots/Eplane_4p75GHz.png> <../
tutorials/OpenParEM3D/monopole_antenna/freecad/screenshots/Eplane_vector_4p75GH
z.png>] [44 <../tutorials/OpenParEM3D/monopole_antenna/freecad/screenshots/Hpla
ne_4p75GHz.png> <../tutorials/OpenParEM3D/monopole_antenna/freecad/screenshots/
Hplane_vector_4p75GHz.png>] [45] [46] [47] [48] [49]
[50] [51] [52]
Underfull \hbox (badness 5274) in paragraph at lines 1710--1711
[]|\OT1/cmr/m/n/9 Adds so-lu-tion fre-quen-cies to the fre-quency plan
 []


Underfull \hbox (badness 3612) in paragraph at lines 1710--1711
\OT1/cmr/m/n/9 us-ing a log scale with the comma-separated list
 []

LaTeX Font Info:    Font shape `OMS/cmr/m/n' in size <9> not available
(Font)              Font shape `OMS/cmsy/m/n' tried instead on input line 1732.


Overfull \hbox (2.00623pt too wide) in paragraph at lines 1763--1764
[]|\OT1/cmr/m/n/9 antenna.plot.2D.pattern q1=Etheta,q2=Ephi,rotaion=90| 
 []

[53] [54] [55] [56] [57]
Underfull \hbox (badness 10000) in paragraph at lines 1828--1830

 []

[58] [59]
Underfull \hbox (badness 10000) in paragraph at lines 1898--1900

 []

[60] [61] [62]
Underfull \hbox (badness 10000) in paragraph at lines 2045--2045
[]|\OT1/cmr/m/n/9 WR90/straight-asymmetric/straight-
 []


Underfull \hbox (badness 10000) in paragraph at lines 2052--2052
[]|\OT1/cmr/m/n/9 WR90/straight-loaded-adaptive/straight-
 []


Underfull \hbox (badness 10000) in paragraph at lines 2053--2053
[]|\OT1/cmr/m/n/9 WR90/straight-loaded-adaptive/straight-loaded[]
 []


Underfull \hbox (badness 10000) in paragraph at lines 2056--2056
[]|\OT1/cmr/m/n/9 WR90/straight-steps/small-renorm/straight-
 []


Underfull \hbox (badness 10000) in paragraph at lines 2060--2060
[]|\OT1/cmr/m/n/9 partially[]filled[]rect[]waveguide/partially[]filled[]
 []


Underfull \hbox (badness 10000) in paragraph at lines 2061--2061
[]|\OT1/cmr/m/n/9 partially[]filled[]rect[]waveguide/partially[]filled[]
 []


Underfull \hbox (badness 3942) in paragraph at lines 2061--2062
[]|\OT1/cmr/m/n/9 Re-run of par-tially[]filled[]rect[]waveguide/partially[]fill
ed[]rect[]
 []


Underfull \hbox (badness 10000) in paragraph at lines 2062--2062
[]|\OT1/cmr/m/n/9 permeability/partially[]filled[]rect[]
 []


Underfull \hbox (badness 10000) in paragraph at lines 2070--2070
[]|\OT1/cmr/m/n/9 stripline/differential[]pair[]line[]
 []


Underfull \hbox (badness 10000) in paragraph at lines 2073--2073
[]|\OT1/cmr/m/n/9 stripline/differential[]pair[]via[]line[]
 []


Underfull \hbox (badness 10000) in paragraph at lines 2075--2075
[]|\OT1/cmr/m/n/9 stripline/differential[]pair[]via[]rot1[]line[]
 []


Underfull \hbox (badness 10000) in paragraph at lines 2076--2076
[]|\OT1/cmr/m/n/9 stripline/Simonovich[]stripline/Simonovich[]
 []


Underfull \hbox (badness 10000) in paragraph at lines 2077--2077
[]|\OT1/cmr/m/n/9 antenna/square[]monopole/square-planar[]
 []

[63] [64]
Underfull \hbox (badness 10000) in paragraph at lines 2101--2101
[]|\OT1/cmr/m/n/9 antenna/square[]monopole[]study/square-
 []


Underfull \hbox (badness 10000) in paragraph at lines 2107--2107
[]|\OT1/cmr/m/n/9 WR75/dielectric-loading[]study/dielectric-
 []


Underfull \hbox (badness 10000) in paragraph at lines 2108--2108
[]|\OT1/cmr/m/n/9 stripline/Simonovich[]stripline[]
 []

[65]
Underfull \hbox (badness 10000) in paragraph at lines 2131--2131
[]|\OT1/cmr/m/n/9 rectangular[]waveguide/rectangular[]
 []

[66] [67] (./OpenParEM3D_Users_Manual.aux)

LaTeX Font Warning: Some font shapes were not available, defaults substituted.

 ) 
Here is how much of TeX's memory you used:
 7261 strings out of 480171
 137480 string characters out of 5894489
 490973 words of memory out of 5000000
 25069 multiletter control sequences out of 15000+600000
 482762 words of font info for 79 fonts, out of 8000000 for 9000
 60 hyphenation exceptions out of 8191
 70i,10n,77p,1304b,656s stack positions out of 5000i,500n,10000p,200000b,80000s
 </home/briany/.texlive2021/texmf-var/fonts/pk/ljfour/jknappen/ec/tcrm0900.60
0pk> </home/briany/.texlive2021/texmf-var/fonts/pk/ljfour/jknappen/ec/tctt1000.
600pk> </home/briany/.texlive2021/texmf-var/fonts/pk/ljfour/jknappen/ec/tcrm070
0.600pk> </home/briany/.texlive2021/texmf-var/fonts/pk/ljfour/jknappen/ec/tcrm1
000.600pk></usr/share/texlive/texmf-dist/fonts/type1/public/amsfonts/cm/cmbx10.
pfb></usr/share/texlive/texmf-dist/fonts/type1/public/amsfonts/cm/cmbx12.pfb></
usr/share/texlive/texmf-dist/fonts/type1/public/amsfonts/cm/cmbx9.pfb></usr/sha
re/texlive/texmf-dist/fonts/type1/public/amsfonts/cm/cmbxti10.pfb></usr/share/t
exlive/texmf-dist/fonts/type1/public/amsfonts/cm/cmmi10.pfb></usr/share/texlive
/texmf-dist/fonts/type1/public/amsfonts/cm/cmmi12.pfb></usr/share/texlive/texmf
-dist/fonts/type1/public/amsfonts/cm/cmmi7.pfb></usr/share/texlive/texmf-dist/f
onts/type1/public/amsfonts/cm/cmmi9.pfb></usr/share/texlive/texmf-dist/fonts/ty
pe1/public/amsfonts/cm/cmr10.pfb></usr/share/texlive/texmf-dist/fonts/type1/pub
lic/amsfonts/cm/cmr12.pfb></usr/share/texlive/texmf-dist/fonts/type1/public/ams
fonts/cm/cmr7.pfb></usr/share/texlive/texmf-dist/fonts/type1/public/amsfonts/cm
/cmr9.pfb></usr/share/texlive/texmf-dist/fonts/type1/public/amsfonts/cm/cmsy10.
pfb></usr/share/texlive/texmf-dist/fonts/type1/public/amsfonts/cm/cmsy6.pfb></u
sr/share/texlive/texmf-dist/fonts/type1/public/amsfonts/cm/cmsy7.pfb></usr/shar
e/texlive/texmf-dist/fonts/type1/public/amsfonts/cm/cmsy9.pfb></usr/share/texli
ve/texmf-dist/fonts/type1/public/amsfonts/cm/cmti10.pfb></usr/share/texlive/tex
mf-dist/fonts/type1/public/amsfonts/cm/cmti9.pfb></usr/share/texlive/texmf-dist
/fonts/type1/public/amsfonts/cm/cmtt10.pfb></usr/share/texlive/texmf-dist/fonts
/type1/public/amsfonts/cm/cmtt8.pfb></usr/share/texlive/texmf-dist/fonts/type1/
public/amsfonts/cm/cmtt9.pfb></usr/share/texlive/texmf-dist/fonts/type1/public/
amsfonts/symbols/msam10.pfb>
Output written on OpenParEM3D_Users_Manual.pdf (68 pages, 5386092 bytes).
PDF statistics:
 456 PDF objects out of 1000 (max. 8388607)
 265 compressed objects within 3 object streams
 0 named destinations out of 1000 (max. 500000)
 146 words of extra memory for PDF output out of 10000 (max. 10000000)

