This is pdfTeX, Version 3.141592653-2.6-1.40.22 (TeX Live 2022/dev/Debian) (preloaded format=pdflatex 2026.2.19)  28 JUN 2026 14:14
entering extended mode
 restricted \write18 enabled.
 %&-line parsing enabled.
**OpenParEM2D_Theory_Methodology_Accuracy.tex
(./OpenParEM2D_Theory_Methodology_Accuracy.tex
LaTeX2e <2021-11-15> patch level 1
L3 programming layer <2022-01-21>
(/usr/share/texlive/texmf-dist/tex/latex/base/article.cls
Document Class: article 2021/10/04 v1.4n Standard LaTeX document class
(/usr/share/texlive/texmf-dist/tex/latex/base/size10.clo
File: size10.clo 2021/10/04 v1.4n Standard LaTeX file (size option)
)
\c@part=\count185
\c@section=\count186
\c@subsection=\count187
\c@subsubsection=\count188
\c@paragraph=\count189
\c@subparagraph=\count190
\c@figure=\count191
\c@table=\count192
\abovecaptionskip=\skip47
\belowcaptionskip=\skip48
\bibindent=\dimen138
)
(/usr/share/texlive/texmf-dist/tex/latex/amsmath/amsmath.sty
Package: amsmath 2021/10/15 v2.17l AMS math features
\@mathmargin=\skip49

For additional information on amsmath, use the `?' option.
(/usr/share/texlive/texmf-dist/tex/latex/amsmath/amstext.sty
Package: amstext 2021/08/26 v2.01 AMS text

(/usr/share/texlive/texmf-dist/tex/latex/amsmath/amsgen.sty
File: amsgen.sty 1999/11/30 v2.0 generic functions
\@emptytoks=\toks16
\ex@=\dimen139
))
(/usr/share/texlive/texmf-dist/tex/latex/amsmath/amsbsy.sty
Package: amsbsy 1999/11/29 v1.2d Bold Symbols
\pmbraise@=\dimen140
)
(/usr/share/texlive/texmf-dist/tex/latex/amsmath/amsopn.sty
Package: amsopn 2021/08/26 v2.02 operator names
)
\inf@bad=\count193
LaTeX Info: Redefining \frac on input line 234.
\uproot@=\count194
\leftroot@=\count195
LaTeX Info: Redefining \overline on input line 399.
\classnum@=\count196
\DOTSCASE@=\count197
LaTeX Info: Redefining \ldots on input line 496.
LaTeX Info: Redefining \dots on input line 499.
LaTeX Info: Redefining \cdots on input line 620.
\Mathstrutbox@=\box50
\strutbox@=\box51
\big@size=\dimen141
LaTeX Font Info:    Redeclaring font encoding OML on input line 743.
LaTeX Font Info:    Redeclaring font encoding OMS on input line 744.
\macc@depth=\count198
\c@MaxMatrixCols=\count199
\dotsspace@=\muskip16
\c@parentequation=\count266
\dspbrk@lvl=\count267
\tag@help=\toks17
\row@=\count268
\column@=\count269
\maxfields@=\count270
\andhelp@=\toks18
\eqnshift@=\dimen142
\alignsep@=\dimen143
\tagshift@=\dimen144
\tagwidth@=\dimen145
\totwidth@=\dimen146
\lineht@=\dimen147
\@envbody=\toks19
\multlinegap=\skip50
\multlinetaggap=\skip51
\mathdisplay@stack=\toks20
LaTeX Info: Redefining \[ on input line 2938.
LaTeX Info: Redefining \] on input line 2939.
)
(/usr/share/texlive/texmf-dist/tex/latex/amsfonts/amssymb.sty
Package: amssymb 2013/01/14 v3.01 AMS font symbols

(/usr/share/texlive/texmf-dist/tex/latex/amsfonts/amsfonts.sty
Package: amsfonts 2013/01/14 v3.01 Basic AMSFonts support
\symAMSa=\mathgroup4
\symAMSb=\mathgroup5
LaTeX Font Info:    Redeclaring math symbol \hbar on input line 98.
LaTeX Font Info:    Overwriting math alphabet `\mathfrak' in version `bold'
(Font)                  U/euf/m/n --> U/euf/b/n on input line 106.
))
(/usr/share/texlive/texmf-dist/tex/latex/tools/indentfirst.sty
Package: indentfirst 1995/11/23 v1.03 Indent first paragraph (DPC)
)
(/usr/share/texlive/texmf-dist/tex/latex/geometry/geometry.sty
Package: geometry 2020/01/02 v5.9 Page Geometry

(/usr/share/texlive/texmf-dist/tex/latex/graphics/keyval.sty
Package: keyval 2014/10/28 v1.15 key=value parser (DPC)
\KV@toks@=\toks21
)
(/usr/share/texlive/texmf-dist/tex/generic/iftex/ifvtex.sty
Package: ifvtex 2019/10/25 v1.7 ifvtex legacy package. Use iftex instead.

(/usr/share/texlive/texmf-dist/tex/generic/iftex/iftex.sty
Package: iftex 2020/03/06 v1.0d TeX engine tests
))
\Gm@cnth=\count271
\Gm@cntv=\count272
\c@Gm@tempcnt=\count273
\Gm@bindingoffset=\dimen148
\Gm@wd@mp=\dimen149
\Gm@odd@mp=\dimen150
\Gm@even@mp=\dimen151
\Gm@layoutwidth=\dimen152
\Gm@layoutheight=\dimen153
\Gm@layouthoffset=\dimen154
\Gm@layoutvoffset=\dimen155
\Gm@dimlist=\toks22
)
(/usr/share/texlive/texmf-dist/tex/latex/tools/longtable.sty
Package: longtable 2021-09-01 v4.17 Multi-page Table package (DPC)
\LTleft=\skip52
\LTright=\skip53
\LTpre=\skip54
\LTpost=\skip55
\LTchunksize=\count274
\LTcapwidth=\dimen156
\LT@head=\box52
\LT@firsthead=\box53
\LT@foot=\box54
\LT@lastfoot=\box55
\LT@gbox=\box56
\LT@cols=\count275
\LT@rows=\count276
\c@LT@tables=\count277
\c@LT@chunks=\count278
\LT@p@ftn=\toks23
) (./enumitem.sty
Package: enumitem 2019/06/20 v3.9 Customized lists
\labelindent=\skip56
\enit@outerparindent=\dimen157
\enit@toks=\toks24
\enit@inbox=\box57
\enit@count@id=\count279
\enitdp@description=\count280
)
(/usr/share/texlive/texmf-dist/tex/latex/fancyvrb/fancyvrb.sty
Package: fancyvrb 2021/12/21 4.1b verbatim text (tvz,hv)
\FV@CodeLineNo=\count281
\FV@InFile=\read2
\FV@TabBox=\box58
\c@FancyVerbLine=\count282
\FV@StepNumber=\count283
\FV@OutFile=\write3
)
(/usr/share/texlive/texmf-dist/tex/latex/pdfpages/pdfpages.sty
Package: pdfpages 2022/01/29 v0.5u Insert pages of external PDF documents (AM)

(/usr/share/texlive/texmf-dist/tex/latex/base/ifthen.sty
Package: ifthen 2020/11/24 v1.1c Standard LaTeX ifthen package (DPC)
)
(/usr/share/texlive/texmf-dist/tex/latex/tools/calc.sty
Package: calc 2017/05/25 v4.3 Infix arithmetic (KKT,FJ)
\calc@Acount=\count284
\calc@Bcount=\count285
\calc@Adimen=\dimen158
\calc@Bdimen=\dimen159
\calc@Askip=\skip57
\calc@Bskip=\skip58
LaTeX Info: Redefining \setlength on input line 80.
LaTeX Info: Redefining \addtolength on input line 81.
\calc@Ccount=\count286
\calc@Cskip=\skip59
)
(/usr/share/texlive/texmf-dist/tex/latex/eso-pic/eso-pic.sty
Package: eso-pic 2020/10/14 v3.0a eso-pic (RN)
\ESO@tempdima=\dimen160
\ESO@tempdimb=\dimen161

(/usr/share/texlive/texmf-dist/tex/latex/xcolor/xcolor.sty
Package: xcolor 2021/10/31 v2.13 LaTeX color extensions (UK)

(/usr/share/texlive/texmf-dist/tex/latex/graphics-cfg/color.cfg
File: color.cfg 2016/01/02 v1.6 sample color configuration
)
Package xcolor Info: Driver file: pdftex.def on input line 227.

(/usr/share/texlive/texmf-dist/tex/latex/graphics-def/pdftex.def
File: pdftex.def 2020/10/05 v1.2a Graphics/color driver for pdftex
)
Package xcolor Info: Model `cmy' substituted by `cmy0' on input line 1352.
Package xcolor Info: Model `hsb' substituted by `rgb' on input line 1356.
Package xcolor Info: Model `RGB' extended on input line 1368.
Package xcolor Info: Model `HTML' substituted by `rgb' on input line 1370.
Package xcolor Info: Model `Hsb' substituted by `hsb' on input line 1371.
Package xcolor Info: Model `tHsb' substituted by `hsb' on input line 1372.
Package xcolor Info: Model `HSB' substituted by `hsb' on input line 1373.
Package xcolor Info: Model `Gray' substituted by `gray' on input line 1374.
Package xcolor Info: Model `wave' substituted by `hsb' on input line 1375.
))
(/usr/share/texlive/texmf-dist/tex/latex/graphics/graphicx.sty
Package: graphicx 2021/09/16 v1.2d Enhanced LaTeX Graphics (DPC,SPQR)

(/usr/share/texlive/texmf-dist/tex/latex/graphics/graphics.sty
Package: graphics 2021/03/04 v1.4d Standard LaTeX Graphics (DPC,SPQR)

(/usr/share/texlive/texmf-dist/tex/latex/graphics/trig.sty
Package: trig 2021/08/11 v1.11 sin cos tan (DPC)
)
(/usr/share/texlive/texmf-dist/tex/latex/graphics-cfg/graphics.cfg
File: graphics.cfg 2016/06/04 v1.11 sample graphics configuration
)
Package graphics Info: Driver file: pdftex.def on input line 107.
)
\Gin@req@height=\dimen162
\Gin@req@width=\dimen163
)
\AM@pagewidth=\dimen164
\AM@pageheight=\dimen165
\AM@fboxrule=\dimen166

(/usr/share/texlive/texmf-dist/tex/latex/pdfpages/pppdftex.def
File: pppdftex.def 2022/01/29 v0.5u Pdfpages driver for pdfTeX (AM)
)
\pdfpages@includegraphics@status=\count287
\AM@pagebox=\box59
\AM@global@opts=\toks25
\AM@pagecnt=\count288
\AM@toc@title=\toks26
\c@AM@survey=\count289
\AM@templatesizebox=\box60
)
(/usr/share/texlive/texmf-dist/tex/latex/caption/subcaption.sty
Package: subcaption 2020/10/07 v1.3j Sub-captions (AR)

(/usr/share/texlive/texmf-dist/tex/latex/caption/caption.sty
Package: caption 2020/10/26 v3.5g Customizing captions (AR)

(/usr/share/texlive/texmf-dist/tex/latex/caption/caption3.sty
Package: caption3 2020/10/21 v2.2e caption3 kernel (AR)
\captionmargin=\dimen167
\captionmargin@=\dimen168
\captionwidth=\dimen169
\caption@tempdima=\dimen170
\caption@indent=\dimen171
\caption@parindent=\dimen172
\caption@hangindent=\dimen173
Package caption Info: Standard document class detected.
)
\c@caption@flags=\count290
\c@continuedfloat=\count291
Package caption Info: longtable package is loaded.

(/usr/share/texlive/texmf-dist/tex/latex/caption/ltcaption.sty
Package: ltcaption 2020/05/30 v1.4b longtable captions (AR)
))
\c@subfigure=\count292
\c@subtable=\count293
)
(/usr/share/texlive/texmf-dist/tex/latex/base/flafter.sty
Package: flafter 2021/07/31 v1.4e Standard LaTeX floats after reference (FMi)
Applying: [2015/01/01] float order in 2-column on input line 49.
Already applied: [0000/00/00] float order in 2-column on input line 151.
) (./placeins.sty
Package: placeins 2005/04/18  v 2.2
)
(/usr/share/texlive/texmf-dist/tex/latex/float/float.sty
Package: float 2001/11/08 v1.3d Float enhancements (AL)
\c@float@type=\count294
\float@exts=\toks27
\float@box=\box61
\@float@everytoks=\toks28
\@floatcapt=\box62
)
(/usr/share/texlive/texmf-dist/tex/latex/l3backend/l3backend-pdftex.def
File: l3backend-pdftex.def 2022-01-12 L3 backend support: PDF output (pdfTeX)
\l__color_backend_stack_int=\count295
\l__pdf_internal_box=\box63
)
(./OpenParEM2D_Theory_Methodology_Accuracy.aux)
\openout1 = `OpenParEM2D_Theory_Methodology_Accuracy.aux'.

LaTeX Font Info:    Checking defaults for OML/cmm/m/it on input line 18.
LaTeX Font Info:    ... okay on input line 18.
LaTeX Font Info:    Checking defaults for OMS/cmsy/m/n on input line 18.
LaTeX Font Info:    ... okay on input line 18.
LaTeX Font Info:    Checking defaults for OT1/cmr/m/n on input line 18.
LaTeX Font Info:    ... okay on input line 18.
LaTeX Font Info:    Checking defaults for T1/cmr/m/n on input line 18.
LaTeX Font Info:    ... okay on input line 18.
LaTeX Font Info:    Checking defaults for TS1/cmr/m/n on input line 18.
LaTeX Font Info:    ... okay on input line 18.
LaTeX Font Info:    Checking defaults for OMX/cmex/m/n on input line 18.
LaTeX Font Info:    ... okay on input line 18.
LaTeX Font Info:    Checking defaults for U/cmr/m/n on input line 18.
LaTeX Font Info:    ... okay on input line 18.

*geometry* driver: auto-detecting
*geometry* detected driver: pdftex
*geometry* verbose mode - [ preamble ] result:
* driver: pdftex
* paper: <default>
* layout: <same size as paper>
* layoutoffset:(h,v)=(0.0pt,0.0pt)
* modes: 
* h-part:(L,W,R)=(72.26999pt, 469.75502pt, 72.26999pt)
* v-part:(T,H,B)=(72.26999pt, 650.43001pt, 72.26999pt)
* \paperwidth=614.295pt
* \paperheight=794.96999pt
* \textwidth=469.75502pt
* \textheight=650.43001pt
* \oddsidemargin=0.0pt
* \evensidemargin=0.0pt
* \topmargin=-37.0pt
* \headheight=12.0pt
* \headsep=25.0pt
* \topskip=10.0pt
* \footskip=30.0pt
* \marginparwidth=65.0pt
* \marginparsep=11.0pt
* \columnsep=10.0pt
* \skip\footins=9.0pt plus 4.0pt minus 2.0pt
* \hoffset=0.0pt
* \voffset=0.0pt
* \mag=1000
* \@twocolumnfalse
* \@twosidefalse
* \@mparswitchfalse
* \@reversemarginfalse
* (1in=72.27pt=25.4mm, 1cm=28.453pt)

(/usr/share/texlive/texmf-dist/tex/context/base/mkii/supp-pdf.mkii
[Loading MPS to PDF converter (version 2006.09.02).]
\scratchcounter=\count296
\scratchdimen=\dimen174
\scratchbox=\box64
\nofMPsegments=\count297
\nofMParguments=\count298
\everyMPshowfont=\toks29
\MPscratchCnt=\count299
\MPscratchDim=\dimen175
\MPnumerator=\count300
\makeMPintoPDFobject=\count301
\everyMPtoPDFconversion=\toks30
) (/usr/share/texlive/texmf-dist/tex/latex/epstopdf-pkg/epstopdf-base.sty
Package: epstopdf-base 2020-01-24 v2.11 Base part for package epstopdf
Package epstopdf-base Info: Redefining graphics rule for `.eps' on input line 4
85.

(/usr/share/texlive/texmf-dist/tex/latex/latexconfig/epstopdf-sys.cfg
File: epstopdf-sys.cfg 2010/07/13 v1.3 Configuration of (r)epstopdf for TeX Liv
e
))
(/usr/share/texlive/texmf-dist/tex/latex/pdflscape/pdflscape.sty
Package: pdflscape 2019/12/05 v0.12 Display of landscape pages in PDF (HO)

(/usr/share/texlive/texmf-dist/tex/latex/graphics/lscape.sty
Package: lscape 2020/05/28 v3.02 Landscape Pages (DPC)
)
Package pdflscape Info: Auto-detected driver: pdftex on input line 81.
)
Package caption Info: Begin \AtBeginDocument code.
Package caption Info: float package is loaded.
Package caption Info: End \AtBeginDocument code.
<figures/logo-crop.pdf, id=1, 44.165pt x 43.16125pt>
File: figures/logo-crop.pdf Graphic file (type pdf)
<use figures/logo-crop.pdf>
Package pdftex.def Info: figures/logo-crop.pdf  used on input line 34.
(pdftex.def)             Requested size: 234.8775pt x 229.58395pt.
 [1

{/var/lib/texmf/fonts/map/pdftex/updmap/pdftex.map} <./figures/logo-crop.pdf>]
(./OpenParEM2D_Theory_Methodology_Accuracy.toc
LaTeX Font Info:    Trying to load font information for U+msa on input line 3.

(/usr/share/texlive/texmf-dist/tex/latex/amsfonts/umsa.fd
File: umsa.fd 2013/01/14 v3.01 AMS symbols A
)
LaTeX Font Info:    Trying to load font information for U+msb on input line 3.

(/usr/share/texlive/texmf-dist/tex/latex/amsfonts/umsb.fd
File: umsb.fd 2013/01/14 v3.01 AMS symbols B
))
\tf@toc=\write4
\openout4 = `OpenParEM2D_Theory_Methodology_Accuracy.toc'.

 [1] [2] [3]
[4] [5] [6]
<figures/multimode2.png, id=47, 736.7525pt x 274.02374pt>
File: figures/multimode2.png Graphic file (type png)
<use figures/multimode2.png>
Package pdftex.def Info: figures/multimode2.png  used on input line 408.
(pdftex.def)             Requested size: 234.8775pt x 87.35907pt.
 [7] [8 <./figures/multimode2.png>] [9] [10] [11]
<../regression/OpenParEM2D/WR90_rectangular_waveguide/WR90/WR90_order_6_study/s
creenshots/WR90_gamma.png, id=68, 958.58125pt x 602.25pt>
File: ../regression/OpenParEM2D/WR90_rectangular_waveguide/WR90/WR90_order_6_st
udy/screenshots/WR90_gamma.png Graphic file (type png)
<use ../regression/OpenParEM2D/WR90_rectangular_waveguide/WR90/WR90_order_6_stu
dy/screenshots/WR90_gamma.png>
Package pdftex.def Info: ../regression/OpenParEM2D/WR90_rectangular_waveguide/W
R90/WR90_order_6_study/screenshots/WR90_gamma.png  used on input line 558.
(pdftex.def)             Requested size: 234.8775pt x 147.56631pt.
<../regression/OpenParEM2D/WR90_rectangular_waveguide/WR90/WR90_order_6_study/s
creenshots/WR90_gamma_error.png, id=69, 967.615pt x 598.235pt>
File: ../regression/OpenParEM2D/WR90_rectangular_waveguide/WR90/WR90_order_6_st
udy/screenshots/WR90_gamma_error.png Graphic file (type png)
<use ../regression/OpenParEM2D/WR90_rectangular_waveguide/WR90/WR90_order_6_stu
dy/screenshots/WR90_gamma_error.png>
Package pdftex.def Info: ../regression/OpenParEM2D/WR90_rectangular_waveguide/W
R90/WR90_order_6_study/screenshots/WR90_gamma_error.png  used on input line 565
.
(pdftex.def)             Requested size: 234.8775pt x 145.2133pt.
<../regression/OpenParEM2D/WR90_rectangular_waveguide/WR90/WR90_order_6_study/s
creenshots/WR90_impedance.png, id=70, 595.22375pt x 425.59pt>
File: ../regression/OpenParEM2D/WR90_rectangular_waveguide/WR90/WR90_order_6_st
udy/screenshots/WR90_impedance.png Graphic file (type png)
<use ../regression/OpenParEM2D/WR90_rectangular_waveguide/WR90/WR90_order_6_stu
dy/screenshots/WR90_impedance.png>
Package pdftex.def Info: ../regression/OpenParEM2D/WR90_rectangular_waveguide/W
R90/WR90_order_6_study/screenshots/WR90_impedance.png  used on input line 574.
(pdftex.def)             Requested size: 234.8775pt x 167.93411pt.
 [12 <../regression/OpenParEM2D/WR90_rectangular_waveguide/WR90/WR90_order_6_st
udy/screenshots/WR90_gamma.png> <../regression/OpenParEM2D/WR90_rectangular_wav
eguide/WR90/WR90_order_6_study/screenshots/WR90_gamma_error.png>]
<../regression/OpenParEM2D/WR90_rectangular_waveguide/WR90/WR90_order_6_study/s
creenshots/WR90_mode_1.png, id=77, 1235.61626pt x 568.1225pt>
File: ../regression/OpenParEM2D/WR90_rectangular_waveguide/WR90/WR90_order_6_st
udy/screenshots/WR90_mode_1.png Graphic file (type png)
<use ../regression/OpenParEM2D/WR90_rectangular_waveguide/WR90/WR90_order_6_stu
dy/screenshots/WR90_mode_1.png>
Package pdftex.def Info: ../regression/OpenParEM2D/WR90_rectangular_waveguide/W
R90/WR90_order_6_study/screenshots/WR90_mode_1.png  used on input line 582.
(pdftex.def)             Requested size: 310.04002pt x 142.5504pt.
<../regression/OpenParEM2D/WR90_rectangular_waveguide/WR90/WR90_order_6_study/s
creenshots/WR90_mode_4_Pz.png, id=78, 1013.7875pt x 458.71375pt>
File: ../regression/OpenParEM2D/WR90_rectangular_waveguide/WR90/WR90_order_6_st
udy/screenshots/WR90_mode_4_Pz.png Graphic file (type png)
<use ../regression/OpenParEM2D/WR90_rectangular_waveguide/WR90/WR90_order_6_stu
dy/screenshots/WR90_mode_4_Pz.png>
Package pdftex.def Info: ../regression/OpenParEM2D/WR90_rectangular_waveguide/W
R90/WR90_order_6_study/screenshots/WR90_mode_4_Pz.png  used on input line 589.
(pdftex.def)             Requested size: 305.33789pt x 138.15413pt.
 [13 <../regression/OpenParEM2D/WR90_rectangular_waveguide/WR90/WR90_order_6_st
udy/screenshots/WR90_impedance.png> <../regression/OpenParEM2D/WR90_rectangular
_waveguide/WR90/WR90_order_6_study/screenshots/WR90_mode_1.png> <../regression/
OpenParEM2D/WR90_rectangular_waveguide/WR90/WR90_order_6_study/screenshots/WR90
_mode_4_Pz.png>]
Overfull \hbox (5.61214pt too wide) in paragraph at lines 598--599
[]\OT1/cmr/m/n/10 The project can be found in \OT1/cmtt/m/n/10 regression/OpenP
arEM2D/WR90[]rectangular[]waveguide/WR90/WR90[]order[]
 []

<../regression/OpenParEM2D/WR90_rectangular_waveguide/WR90/WR90_order_6_lossy_s
tudy/screenshots/WR90_lossy_gamma.png, id=85, 965.6075pt x 530.98375pt>
File: ../regression/OpenParEM2D/WR90_rectangular_waveguide/WR90/WR90_order_6_lo
ssy_study/screenshots/WR90_lossy_gamma.png Graphic file (type png)
<use ../regression/OpenParEM2D/WR90_rectangular_waveguide/WR90/WR90_order_6_los
sy_study/screenshots/WR90_lossy_gamma.png>
Package pdftex.def Info: ../regression/OpenParEM2D/WR90_rectangular_waveguide/W
R90/WR90_order_6_lossy_study/screenshots/WR90_lossy_gamma.png  used on input li
ne 604.
(pdftex.def)             Requested size: 258.36668pt x 142.07118pt.
<../regression/OpenParEM2D/WR90_rectangular_waveguide/WR90/WR90_order_6_lossy_s
tudy/screenshots/WR90_lossy_gamma_error.png, id=86, 865.2325pt x 545.03625pt>
File: ../regression/OpenParEM2D/WR90_rectangular_waveguide/WR90/WR90_order_6_lo
ssy_study/screenshots/WR90_lossy_gamma_error.png Graphic file (type png)
<use ../regression/OpenParEM2D/WR90_rectangular_waveguide/WR90/WR90_order_6_los
sy_study/screenshots/WR90_lossy_gamma_error.png>
Package pdftex.def Info: ../regression/OpenParEM2D/WR90_rectangular_waveguide/W
R90/WR90_order_6_lossy_study/screenshots/WR90_lossy_gamma_error.png  used on in
put line 611.
(pdftex.def)             Requested size: 234.8775pt x 147.95183pt.
<../regression/OpenParEM2D/partially_filled_rect_waveguide/PartFilled_order_6_s
tudy/screenshots/partial_drawing.png, id=87, 912.40875pt x 444.66125pt>
File: ../regression/OpenParEM2D/partially_filled_rect_waveguide/PartFilled_orde
r_6_study/screenshots/partial_drawing.png Graphic file (type png)
<use ../regression/OpenParEM2D/partially_filled_rect_waveguide/PartFilled_order
_6_study/screenshots/partial_drawing.png>
Package pdftex.def Info: ../regression/OpenParEM2D/partially_filled_rect_wavegu
ide/PartFilled_order_6_study/screenshots/partial_drawing.png  used on input lin
e 621.
(pdftex.def)             Requested size: 140.92793pt x 68.67752pt.
[14 <../regression/OpenParEM2D/WR90_rectangular_waveguide/WR90/WR90_order_6_los
sy_study/screenshots/WR90_lossy_gamma.png> <../regression/OpenParEM2D/WR90_rect
angular_waveguide/WR90/WR90_order_6_lossy_study/screenshots/WR90_lossy_gamma_er
ror.png>]
<../regression/OpenParEM2D/partially_filled_rect_waveguide/PartFilled_order_6_s
tudy/screenshots/partial_gamma.png, id=93, 960.58875pt x 590.205pt>
File: ../regression/OpenParEM2D/partially_filled_rect_waveguide/PartFilled_orde
r_6_study/screenshots/partial_gamma.png Graphic file (type png)
<use ../regression/OpenParEM2D/partially_filled_rect_waveguide/PartFilled_order
_6_study/screenshots/partial_gamma.png>
Package pdftex.def Info: ../regression/OpenParEM2D/partially_filled_rect_wavegu
ide/PartFilled_order_6_study/screenshots/partial_gamma.png  used on input line 
632.
(pdftex.def)             Requested size: 234.8775pt x 144.30879pt.
<../regression/OpenParEM2D/partially_filled_rect_waveguide/PartFilled_order_6_s
tudy/screenshots/partial_gamma_error.png, id=94, 966.61125pt x 599.23875pt>
File: ../regression/OpenParEM2D/partially_filled_rect_waveguide/PartFilled_orde
r_6_study/screenshots/partial_gamma_error.png Graphic file (type png)
<use ../regression/OpenParEM2D/partially_filled_rect_waveguide/PartFilled_order
_6_study/screenshots/partial_gamma_error.png>
Package pdftex.def Info: ../regression/OpenParEM2D/partially_filled_rect_wavegu
ide/PartFilled_order_6_study/screenshots/partial_gamma_error.png  used on input
 line 639.
(pdftex.def)             Requested size: 234.8775pt x 145.60324pt.
<../regression/OpenParEM2D/partially_filled_rect_waveguide/PartFilled_order_6_s
tudy/screenshots/partial_field.png, id=95, 1246.6575pt x 576.1525pt>
File: ../regression/OpenParEM2D/partially_filled_rect_waveguide/PartFilled_orde
r_6_study/screenshots/partial_field.png Graphic file (type png)
<use ../regression/OpenParEM2D/partially_filled_rect_waveguide/PartFilled_order
_6_study/screenshots/partial_field.png>
Package pdftex.def Info: ../regression/OpenParEM2D/partially_filled_rect_wavegu
ide/PartFilled_order_6_study/screenshots/partial_field.png  used on input line 
649.
(pdftex.def)             Requested size: 201.5253pt x 93.13574pt.
<../regression/OpenParEM2D/partially_filled_rect_waveguide/PartFilled_order_6_s
tudy/screenshots/partial_power.png, id=96, 1125.20375pt x 461.725pt>
File: ../regression/OpenParEM2D/partially_filled_rect_waveguide/PartFilled_orde
r_6_study/screenshots/partial_power.png Graphic file (type png)
<use ../regression/OpenParEM2D/partially_filled_rect_waveguide/PartFilled_order
_6_study/screenshots/partial_power.png>
Package pdftex.def Info: ../regression/OpenParEM2D/partially_filled_rect_wavegu
ide/PartFilled_order_6_study/screenshots/partial_power.png  used on input line 
653.
(pdftex.def)             Requested size: 221.25134pt x 90.78633pt.
 [15 <../regression/OpenParEM2D/partially_filled_rect_waveguide/PartFilled_orde
r_6_study/screenshots/partial_drawing.png> <../regression/OpenParEM2D/partially
_filled_rect_waveguide/PartFilled_order_6_study/screenshots/partial_gamma.png> 
<../regression/OpenParEM2D/partially_filled_rect_waveguide/PartFilled_order_6_s
tudy/screenshots/partial_gamma_error.png>]
<../regression/OpenParEM2D/coaxEighth_study/screenshots/coax_field.png, id=103,
 1014.79124pt x 893.3375pt>
File: ../regression/OpenParEM2D/coaxEighth_study/screenshots/coax_field.png Gra
phic file (type png)
<use ../regression/OpenParEM2D/coaxEighth_study/screenshots/coax_field.png>
Package pdftex.def Info: ../regression/OpenParEM2D/coaxEighth_study/screenshots
/coax_field.png  used on input line 670.
(pdftex.def)             Requested size: 234.8775pt x 206.75827pt.
<../regression/OpenParEM2D/coaxEighth_study/screenshots/coax_Pz.png, id=104, 11
41.26375pt x 892.33376pt>
File: ../regression/OpenParEM2D/coaxEighth_study/screenshots/coax_Pz.png Graphi
c file (type png)
<use ../regression/OpenParEM2D/coaxEighth_study/screenshots/coax_Pz.png>
Package pdftex.def Info: ../regression/OpenParEM2D/coaxEighth_study/screenshots
/coax_Pz.png  used on input line 677.
(pdftex.def)             Requested size: 248.96957pt x 194.6665pt.
 [16 <../regression/OpenParEM2D/partially_filled_rect_waveguide/PartFilled_orde
r_6_study/screenshots/partial_field.png> <../regression/OpenParEM2D/partially_f
illed_rect_waveguide/PartFilled_order_6_study/screenshots/partial_power.png> <.
./regression/OpenParEM2D/coaxEighth_study/screenshots/coax_field.png>]
<../regression/OpenParEM2D/coaxEighth_study/screenshots/coax_results.png, id=11
1, 1113.15875pt x 543.02875pt>
File: ../regression/OpenParEM2D/coaxEighth_study/screenshots/coax_results.png G
raphic file (type png)
<use ../regression/OpenParEM2D/coaxEighth_study/screenshots/coax_results.png>
Package pdftex.def Info: ../regression/OpenParEM2D/coaxEighth_study/screenshots
/coax_results.png  used on input line 685.
(pdftex.def)             Requested size: 305.33789pt x 148.94806pt.
<../regression/OpenParEM2D/coaxEighth_study/screenshots/coax_Pz_zoom.png, id=11
2, 448.67625pt x 736.7525pt>
File: ../regression/OpenParEM2D/coaxEighth_study/screenshots/coax_Pz_zoom.png G
raphic file (type png)
<use ../regression/OpenParEM2D/coaxEighth_study/screenshots/coax_Pz_zoom.png>
Package pdftex.def Info: ../regression/OpenParEM2D/coaxEighth_study/screenshots
/coax_Pz_zoom.png  used on input line 691.
(pdftex.def)             Requested size: 117.43875pt x 192.8327pt.
 [17 <../regression/OpenParEM2D/coaxEighth_study/screenshots/coax_Pz.png> <../r
egression/OpenParEM2D/coaxEighth_study/screenshots/coax_results.png>]
<../regression/OpenParEM2D/differential_pair/diff_pair_study/screenshots/diffpa
ir_initial_mesh.png, id=118, 1045.9075pt x 355.3275pt>
File: ../regression/OpenParEM2D/differential_pair/diff_pair_study/screenshots/d
iffpair_initial_mesh.png Graphic file (type png)
<use ../regression/OpenParEM2D/differential_pair/diff_pair_study/screenshots/di
ffpair_initial_mesh.png>
Package pdftex.def Info: ../regression/OpenParEM2D/differential_pair/diff_pair_
study/screenshots/diffpair_initial_mesh.png  used on input line 703.
(pdftex.def)             Requested size: 234.8775pt x 79.79341pt.
<../regression/OpenParEM2D/differential_pair/diff_pair_study/screenshots/diffpa
ir_optimized_mesh.png, id=119, 1267.73625pt x 428.60126pt>
File: ../regression/OpenParEM2D/differential_pair/diff_pair_study/screenshots/d
iffpair_optimized_mesh.png Graphic file (type png)
<use ../regression/OpenParEM2D/differential_pair/diff_pair_study/screenshots/di
ffpair_optimized_mesh.png>
Package pdftex.def Info: ../regression/OpenParEM2D/differential_pair/diff_pair_
study/screenshots/diffpair_optimized_mesh.png  used on input line 709.
(pdftex.def)             Requested size: 234.8775pt x 79.4077pt.
<../regression/OpenParEM2D/differential_pair/diff_pair_study/screenshots/diffpa
ir_even.png, id=120, 1155.31625pt x 502.87875pt>
File: ../regression/OpenParEM2D/differential_pair/diff_pair_study/screenshots/d
iffpair_even.png Graphic file (type png)
<use ../regression/OpenParEM2D/differential_pair/diff_pair_study/screenshots/di
ffpair_even.png>
Package pdftex.def Info: ../regression/OpenParEM2D/differential_pair/diff_pair_
study/screenshots/diffpair_even.png  used on input line 717.
(pdftex.def)             Requested size: 328.82707pt x 143.12242pt.
<../regression/OpenParEM2D/differential_pair/diff_pair_study/screenshots/diffpa
ir_odd.png, id=121, 1144.275pt x 496.85625pt>
File: ../regression/OpenParEM2D/differential_pair/diff_pair_study/screenshots/d
iffpair_odd.png Graphic file (type png)
<use ../regression/OpenParEM2D/differential_pair/diff_pair_study/screenshots/di
ffpair_odd.png>
Package pdftex.def Info: ../regression/OpenParEM2D/differential_pair/diff_pair_
study/screenshots/diffpair_odd.png  used on input line 723.
(pdftex.def)             Requested size: 328.82707pt x 142.78061pt.
 [18 <../regression/OpenParEM2D/coaxEighth_study/screenshots/coax_Pz_zoom.png> 
<../regression/OpenParEM2D/differential_pair/diff_pair_study/screenshots/diffpa
ir_initial_mesh.png> <../regression/OpenParEM2D/differential_pair/diff_pair_stu
dy/screenshots/diffpair_optimized_mesh.png>]
<../regression/OpenParEM2D/differential_pair/diff_pair_study/screenshots/diffpa
ir_even_plot.png, id=129, 1098.1025pt x 403.5075pt>
File: ../regression/OpenParEM2D/differential_pair/diff_pair_study/screenshots/d
iffpair_even_plot.png Graphic file (type png)
<use ../regression/OpenParEM2D/differential_pair/diff_pair_study/screenshots/di
ffpair_even_plot.png>
Package pdftex.def Info: ../regression/OpenParEM2D/differential_pair/diff_pair_
study/screenshots/diffpair_even_plot.png  used on input line 731.
(pdftex.def)             Requested size: 305.33789pt x 112.19939pt.
<../regression/OpenParEM2D/differential_pair/diff_pair_study/screenshots/diffpa
ir_odd_plot.png, id=130, 1124.2pt x 388.45125pt>
File: ../regression/OpenParEM2D/differential_pair/diff_pair_study/screenshots/d
iffpair_odd_plot.png Graphic file (type png)
<use ../regression/OpenParEM2D/differential_pair/diff_pair_study/screenshots/di
ffpair_odd_plot.png>
Package pdftex.def Info: ../regression/OpenParEM2D/differential_pair/diff_pair_
study/screenshots/diffpair_odd_plot.png  used on input line 737.
(pdftex.def)             Requested size: 305.33789pt x 105.5056pt.

[19 <../regression/OpenParEM2D/differential_pair/diff_pair_study/screenshots/di
ffpair_even.png> <../regression/OpenParEM2D/differential_pair/diff_pair_study/s
creenshots/diffpair_odd.png> <../regression/OpenParEM2D/differential_pair/diff_
pair_study/screenshots/diffpair_even_plot.png>]
<../regression/OpenParEM2D/Simonovich_stripline_study/screenshots/stripline_ini
tial_mesh.png, id=137, 1333.98375pt x 90.3375pt>
File: ../regression/OpenParEM2D/Simonovich_stripline_study/screenshots/striplin
e_initial_mesh.png Graphic file (type png)
<use ../regression/OpenParEM2D/Simonovich_stripline_study/screenshots/stripline
_initial_mesh.png>
Package pdftex.def Info: ../regression/OpenParEM2D/Simonovich_stripline_study/s
creenshots/stripline_initial_mesh.png  used on input line 750.
(pdftex.def)             Requested size: 446.26582pt x 30.22086pt.
<../regression/OpenParEM2D/Simonovich_stripline_study/screenshots/stripline_fin
al_mesh.png, id=138, 1326.9575pt x 90.3375pt>
File: ../regression/OpenParEM2D/Simonovich_stripline_study/screenshots/striplin
e_final_mesh.png Graphic file (type png)
<use ../regression/OpenParEM2D/Simonovich_stripline_study/screenshots/stripline
_final_mesh.png>
Package pdftex.def Info: ../regression/OpenParEM2D/Simonovich_stripline_study/s
creenshots/stripline_final_mesh.png  used on input line 756.
(pdftex.def)             Requested size: 446.26582pt x 30.38075pt.
<../regression/OpenParEM2D/Simonovich_stripline_study/screenshots/stripline_mes
h_zoom1.png, id=139, 1415.2875pt x 667.49374pt>
File: ../regression/OpenParEM2D/Simonovich_stripline_study/screenshots/striplin
e_mesh_zoom1.png Graphic file (type png)
<use ../regression/OpenParEM2D/Simonovich_stripline_study/screenshots/stripline
_mesh_zoom1.png>
Package pdftex.def Info: ../regression/OpenParEM2D/Simonovich_stripline_study/s
creenshots/stripline_mesh_zoom1.png  used on input line 762.
(pdftex.def)             Requested size: 281.85587pt x 132.92601pt.
<../regression/OpenParEM2D/Simonovich_stripline_study/screenshots/stripline_mes
h_zoom2.png, id=140, 652.4375pt x 584.1825pt>
File: ../regression/OpenParEM2D/Simonovich_stripline_study/screenshots/striplin
e_mesh_zoom2.png Graphic file (type png)
<use ../regression/OpenParEM2D/Simonovich_stripline_study/screenshots/stripline
_mesh_zoom2.png>
Package pdftex.def Info: ../regression/OpenParEM2D/Simonovich_stripline_study/s
creenshots/stripline_mesh_zoom2.png  used on input line 768.
(pdftex.def)             Requested size: 234.8775pt x 210.30553pt.
 [20 <../regression/OpenParEM2D/differential_pair/diff_pair_study/screenshots/d
iffpair_odd_plot.png> <../regression/OpenParEM2D/Simonovich_stripline_study/scr
eenshots/stripline_initial_mesh.png> <../regression/OpenParEM2D/Simonovich_stri
pline_study/screenshots/stripline_final_mesh.png> <../regression/OpenParEM2D/Si
monovich_stripline_study/screenshots/stripline_mesh_zoom1.png>]
<../regression/OpenParEM2D/Simonovich_stripline_study/screenshots/stripline_res
ults.png, id=148, 1165.35374pt x 508.90125pt>
File: ../regression/OpenParEM2D/Simonovich_stripline_study/screenshots/striplin
e_results.png Graphic file (type png)
<use ../regression/OpenParEM2D/Simonovich_stripline_study/screenshots/stripline
_results.png>
Package pdftex.def Info: ../regression/OpenParEM2D/Simonovich_stripline_study/s
creenshots/stripline_results.png  used on input line 776.
(pdftex.def)             Requested size: 352.31625pt x 153.85185pt.
<../regression/OpenParEM2D/Simonovich_stripline_study/screenshots/stripline_err
or.png, id=149, 1088.065pt x 503.8825pt>
File: ../regression/OpenParEM2D/Simonovich_stripline_study/screenshots/striplin
e_error.png Graphic file (type png)
<use ../regression/OpenParEM2D/Simonovich_stripline_study/screenshots/stripline
_error.png>
Package pdftex.def Info: ../regression/OpenParEM2D/Simonovich_stripline_study/s
creenshots/stripline_error.png  used on input line 782.
(pdftex.def)             Requested size: 352.31625pt x 163.16016pt.
<../regression/OpenParEM2D/Simonovich_stripline_study/screenshots/stripline_plo
t.png, id=150, 1465.475pt x 553.06625pt>
File: ../regression/OpenParEM2D/Simonovich_stripline_study/screenshots/striplin
e_plot.png Graphic file (type png)
<use ../regression/OpenParEM2D/Simonovich_stripline_study/screenshots/stripline
_plot.png>
Package pdftex.def Info: ../regression/OpenParEM2D/Simonovich_stripline_study/s
creenshots/stripline_plot.png  used on input line 788.
(pdftex.def)             Requested size: 352.31625pt x 132.95802pt.
 [21 <../regression/OpenParEM2D/Simonovich_stripline_study/screenshots/striplin
e_mesh_zoom2.png> <../regression/OpenParEM2D/Simonovich_stripline_study/screens
hots/stripline_results.png>] [22 <../regression/OpenParEM2D/Simonovich_striplin
e_study/screenshots/stripline_error.png> <../regression/OpenParEM2D/Simonovich_
stripline_study/screenshots/stripline_plot.png>] [23] (./OpenParEM2D_Theory_Met
hodology_Accuracy.aux) ) 
Here is how much of TeX's memory you used:
 7223 strings out of 480171
 142849 string characters out of 5894489
 420887 words of memory out of 5000000
 25047 multiletter control sequences out of 15000+600000
 479823 words of font info for 69 fonts, out of 8000000 for 9000
 60 hyphenation exceptions out of 8191
 70i,11n,77p,1276b,485s stack positions out of 5000i,500n,10000p,200000b,80000s
 </home/briany/.texlive2021/texmf-var/fonts/pk/ljfour/j
knappen/ec/tcrm1000.600pk></usr/share/texlive/texmf-dist/fonts/type1/public/ams
fonts/cm/cmbx10.pfb></usr/share/texlive/texmf-dist/fonts/type1/public/amsfonts/
cm/cmbx12.pfb></usr/share/texlive/texmf-dist/fonts/type1/public/amsfonts/cm/cme
x10.pfb></usr/share/texlive/texmf-dist/fonts/type1/public/amsfonts/cm/cmmi10.pf
b></usr/share/texlive/texmf-dist/fonts/type1/public/amsfonts/cm/cmmi12.pfb></us
r/share/texlive/texmf-dist/fonts/type1/public/amsfonts/cm/cmmi5.pfb></usr/share
/texlive/texmf-dist/fonts/type1/public/amsfonts/cm/cmmi7.pfb></usr/share/texliv
e/texmf-dist/fonts/type1/public/amsfonts/cm/cmmi8.pfb></usr/share/texlive/texmf
-dist/fonts/type1/public/amsfonts/cm/cmr10.pfb></usr/share/texlive/texmf-dist/f
onts/type1/public/amsfonts/cm/cmr12.pfb></usr/share/texlive/texmf-dist/fonts/ty
pe1/public/amsfonts/cm/cmr5.pfb></usr/share/texlive/texmf-dist/fonts/type1/publ
ic/amsfonts/cm/cmr7.pfb></usr/share/texlive/texmf-dist/fonts/type1/public/amsfo
nts/cm/cmr9.pfb></usr/share/texlive/texmf-dist/fonts/type1/public/amsfonts/cm/c
msy10.pfb></usr/share/texlive/texmf-dist/fonts/type1/public/amsfonts/cm/cmsy5.p
fb></usr/share/texlive/texmf-dist/fonts/type1/public/amsfonts/cm/cmsy7.pfb></us
r/share/texlive/texmf-dist/fonts/type1/public/amsfonts/cm/cmti10.pfb></usr/shar
e/texlive/texmf-dist/fonts/type1/public/amsfonts/cm/cmtt10.pfb>
Output written on OpenParEM2D_Theory_Methodology_Accuracy.pdf (24 pages, 289210
1 bytes).
PDF statistics:
 244 PDF objects out of 1000 (max. 8388607)
 117 compressed objects within 2 object streams
 0 named destinations out of 1000 (max. 500000)
 156 words of extra memory for PDF output out of 10000 (max. 10000000)

